0 verbose cli D:\nodejs\node.exe D:\nodejs\node_modules\npm\bin\npm-cli.js
1 info using npm@11.6.2
2 info using node@v24.12.0
3 silly config load:file:D:\nodejs\node_modules\npm\npmrc
4 silly config load:file:D:\project\do_problem_system\.npmrc
5 silly config load:file:C:\Users\DELL\.npmrc
6 silly config load:file:D:\nodejs\node_global\etc\npmrc
7 verbose title npm exec create-vite@latest frontend --template vue --no-interactive
8 verbose argv "exec" "--cache" "d:\\project\\do_problem_system\\.npm-cache" "--yes" "--" "create-vite@latest" "frontend" "--template" "vue" "--no-interactive"
9 verbose logfile logs-max:10 dir:d:\project\do_problem_system\.npm-cache\_logs\2026-05-04T07_10_13_652Z-
10 verbose logfile d:\project\do_problem_system\.npm-cache\_logs\2026-05-04T07_10_13_652Z-debug-0.log
11 silly logfile done cleaning log files
12 silly packumentCache heap:4496293888 maxSize:1124073472 maxEntrySize:562036736
13 http fetch GET 200 https://registry.npmjs.org/create-vite 680ms (cache revalidated)
14 silly packumentCache heap:4496293888 maxSize:1124073472 maxEntrySize:562036736
15 silly packumentCache heap:4496293888 maxSize:1124073472 maxEntrySize:562036736
16 verbose cwd D:\project\do_problem_system
17 verbose os Windows_NT 10.0.26200
18 verbose node v24.12.0
19 verbose npm  v11.6.2
20 verbose exit 0
21 info ok
