0 verbose cli D:\nodejs\node.exe D:\nodejs\node_modules\npm\bin\npm-cli.js
1 info using npm@11.6.2
2 info using node@v24.12.0
3 silly config load:file:D:\nodejs\node_modules\npm\npmrc
4 silly config load:file:D:\project\do_problem_system\frontend\.npmrc
5 silly config load:file:C:\Users\DELL\.npmrc
6 silly config load:file:D:\nodejs\node_global\etc\npmrc
7 verbose title npm install
8 verbose argv "--cache" "d:\\project\\do_problem_system\\.npm-cache" "install"
9 verbose logfile logs-max:10 dir:d:\project\do_problem_system\.npm-cache\_logs\2026-05-04T07_10_15_498Z-
10 verbose logfile d:\project\do_problem_system\.npm-cache\_logs\2026-05-04T07_10_15_498Z-debug-0.log
11 silly logfile done cleaning log files
12 silly packumentCache heap:4496293888 maxSize:1124073472 maxEntrySize:562036736
13 silly idealTree buildDeps
14 silly fetch manifest vue@^3.5.32
15 silly packumentCache full:https://registry.npmjs.org/vue cache-miss
16 http fetch GET 200 https://registry.npmjs.org/vue 1065ms (cache miss)
17 silly packumentCache full:https://registry.npmjs.org/vue set size:undefined disposed:false
18 silly fetch manifest typescript@*
19 silly packumentCache full:https://registry.npmjs.org/typescript cache-miss
20 http fetch GET 200 https://registry.npmjs.org/typescript 853ms (cache miss)
21 silly packumentCache full:https://registry.npmjs.org/typescript set size:undefined disposed:false
22 silly fetch manifest @vitejs/plugin-vue@^6.0.6
23 silly packumentCache full:https://registry.npmjs.org/@vitejs%2fplugin-vue cache-miss
24 http fetch GET 200 https://registry.npmjs.org/@vitejs%2fplugin-vue 857ms (cache miss)
25 silly packumentCache full:https://registry.npmjs.org/@vitejs%2fplugin-vue set size:undefined disposed:false
26 silly fetch manifest vite@^8.0.10
27 silly packumentCache full:https://registry.npmjs.org/vite cache-miss
28 http fetch GET 200 https://registry.npmjs.org/vite 1753ms (cache miss)
29 silly packumentCache full:https://registry.npmjs.org/vite set size:undefined disposed:false
30 silly fetch manifest @types/node@^20.19.0 || >=22.12.0
31 silly packumentCache full:https://registry.npmjs.org/@types%2fnode cache-miss
32 http fetch GET 200 https://registry.npmjs.org/@types%2fnode 1211ms (cache miss)
33 silly packumentCache full:https://registry.npmjs.org/@types%2fnode set size:undefined disposed:false
34 silly fetch manifest @vitejs/devtools@^0.1.0
35 silly packumentCache full:https://registry.npmjs.org/@vitejs%2fdevtools cache-miss
36 http fetch GET 200 https://registry.npmjs.org/@vitejs%2fdevtools 425ms (cache miss)
37 silly packumentCache full:https://registry.npmjs.org/@vitejs%2fdevtools set size:undefined disposed:false
38 silly fetch manifest esbuild@^0.27.0 || ^0.28.0
39 silly packumentCache full:https://registry.npmjs.org/esbuild cache-miss
40 http fetch GET 200 https://registry.npmjs.org/esbuild 748ms (cache miss)
41 silly packumentCache full:https://registry.npmjs.org/esbuild set size:undefined disposed:false
42 silly fetch manifest jiti@>=1.21.0
43 silly packumentCache full:https://registry.npmjs.org/jiti cache-miss
44 http fetch GET 200 https://registry.npmjs.org/jiti 417ms (cache miss)
45 silly packumentCache full:https://registry.npmjs.org/jiti set size:undefined disposed:false
46 silly fetch manifest less@^4.0.0
47 silly packumentCache full:https://registry.npmjs.org/less cache-miss
48 http fetch GET 200 https://registry.npmjs.org/less 597ms (cache miss)
49 silly packumentCache full:https://registry.npmjs.org/less set size:undefined disposed:false
50 silly fetch manifest sass@^1.70.0
51 silly packumentCache full:https://registry.npmjs.org/sass cache-miss
52 http fetch GET 200 https://registry.npmjs.org/sass 689ms (cache miss)
53 silly packumentCache full:https://registry.npmjs.org/sass set size:undefined disposed:false
54 silly fetch manifest sass-embedded@^1.70.0
55 silly packumentCache full:https://registry.npmjs.org/sass-embedded cache-miss
56 http fetch GET 200 https://registry.npmjs.org/sass-embedded 434ms (cache miss)
57 silly packumentCache full:https://registry.npmjs.org/sass-embedded set size:undefined disposed:false
58 silly fetch manifest stylus@>=0.54.8
59 silly packumentCache full:https://registry.npmjs.org/stylus cache-miss
60 http fetch GET 200 https://registry.npmjs.org/stylus 419ms (cache miss)
61 silly packumentCache full:https://registry.npmjs.org/stylus set size:undefined disposed:false
62 silly fetch manifest sugarss@^5.0.0
63 silly packumentCache full:https://registry.npmjs.org/sugarss cache-miss
64 http fetch GET 200 https://registry.npmjs.org/sugarss 408ms (cache miss)
65 silly packumentCache full:https://registry.npmjs.org/sugarss set size:undefined disposed:false
66 silly fetch manifest postcss@^8.3.3
67 silly packumentCache full:https://registry.npmjs.org/postcss cache-miss
68 http fetch GET 200 https://registry.npmjs.org/postcss 1131ms (cache miss)
69 silly packumentCache full:https://registry.npmjs.org/postcss set size:undefined disposed:false
70 silly fetch manifest terser@^5.16.0
71 silly packumentCache full:https://registry.npmjs.org/terser cache-miss
72 http fetch GET 200 https://registry.npmjs.org/terser 841ms (cache miss)
73 silly packumentCache full:https://registry.npmjs.org/terser set size:undefined disposed:false
74 silly fetch manifest tsx@^4.8.1
75 silly packumentCache full:https://registry.npmjs.org/tsx cache-miss
76 http fetch GET 200 https://registry.npmjs.org/tsx 423ms (cache miss)
77 silly packumentCache full:https://registry.npmjs.org/tsx set size:undefined disposed:false
78 silly fetch manifest yaml@^2.4.2
79 silly packumentCache full:https://registry.npmjs.org/yaml cache-miss
80 http fetch GET 200 https://registry.npmjs.org/yaml 446ms (cache miss)
81 silly packumentCache full:https://registry.npmjs.org/yaml set size:undefined disposed:false
82 silly placeDep ROOT @vitejs/plugin-vue@6.0.6 OK for: frontend@0.0.0 want: ^6.0.6
83 silly placeDep ROOT vite@8.0.10 OK for: @vitejs/plugin-vue@6.0.6 want: ^5.0.0 || ^6.0.0 || ^7.0.0 || ^8.0.0
84 silly placeDep ROOT vue@3.5.33 OK for: @vitejs/plugin-vue@6.0.6 want: ^3.2.25
85 silly fetch manifest @rolldown/pluginutils@1.0.0-rc.13
86 silly packumentCache full:https://registry.npmjs.org/@rolldown%2fpluginutils cache-miss
87 silly fetch manifest @vue/shared@3.5.33
88 silly packumentCache full:https://registry.npmjs.org/@vue%2fshared cache-miss
89 silly fetch manifest @vue/compiler-dom@3.5.33
90 silly packumentCache full:https://registry.npmjs.org/@vue%2fcompiler-dom cache-miss
91 silly fetch manifest @vue/runtime-dom@3.5.33
92 silly packumentCache full:https://registry.npmjs.org/@vue%2fruntime-dom cache-miss
93 silly fetch manifest @vue/compiler-sfc@3.5.33
94 silly packumentCache full:https://registry.npmjs.org/@vue%2fcompiler-sfc cache-miss
95 silly fetch manifest @vue/server-renderer@3.5.33
96 silly packumentCache full:https://registry.npmjs.org/@vue%2fserver-renderer cache-miss
97 silly fetch manifest lightningcss@^1.32.0
98 silly packumentCache full:https://registry.npmjs.org/lightningcss cache-miss
99 silly fetch manifest picomatch@^4.0.4
100 silly packumentCache full:https://registry.npmjs.org/picomatch cache-miss
101 silly fetch manifest postcss@^8.5.10
102 silly packumentCache full:https://registry.npmjs.org/postcss cache-miss
103 silly fetch manifest rolldown@1.0.0-rc.17
104 silly packumentCache full:https://registry.npmjs.org/rolldown cache-miss
105 silly fetch manifest tinyglobby@^0.2.16
106 silly packumentCache full:https://registry.npmjs.org/tinyglobby cache-miss
107 silly fetch manifest fsevents@~2.3.3
108 silly packumentCache full:https://registry.npmjs.org/fsevents cache-miss
109 http cache https://registry.npmjs.org/postcss 50ms (cache hit)
110 silly packumentCache full:https://registry.npmjs.org/postcss set size:717287 disposed:false
111 http fetch GET 200 https://registry.npmjs.org/@rolldown%2fpluginutils 445ms (cache miss)
112 silly packumentCache full:https://registry.npmjs.org/@rolldown%2fpluginutils set size:undefined disposed:false
113 http fetch GET 200 https://registry.npmjs.org/tinyglobby 851ms (cache miss)
114 silly packumentCache full:https://registry.npmjs.org/tinyglobby set size:undefined disposed:false
115 http fetch GET 200 https://registry.npmjs.org/@vue%2fruntime-dom 914ms (cache miss)
116 silly packumentCache full:https://registry.npmjs.org/@vue%2fruntime-dom set size:undefined disposed:false
117 http fetch GET 200 https://registry.npmjs.org/rolldown 963ms (cache miss)
118 silly packumentCache full:https://registry.npmjs.org/rolldown set size:undefined disposed:false
119 http fetch GET 200 https://registry.npmjs.org/picomatch 1061ms (cache miss)
120 silly packumentCache full:https://registry.npmjs.org/picomatch set size:undefined disposed:false
121 http fetch GET 200 https://registry.npmjs.org/fsevents 1063ms (cache miss)
122 silly packumentCache full:https://registry.npmjs.org/fsevents set size:undefined disposed:false
123 http fetch GET 200 https://registry.npmjs.org/lightningcss 1105ms (cache miss)
124 silly packumentCache full:https://registry.npmjs.org/lightningcss set size:undefined disposed:false
125 http fetch GET 200 https://registry.npmjs.org/@vue%2fcompiler-sfc 1122ms (cache miss)
126 silly packumentCache full:https://registry.npmjs.org/@vue%2fcompiler-sfc set size:undefined disposed:false
127 http fetch GET 200 https://registry.npmjs.org/@vue%2fcompiler-dom 1133ms (cache miss)
128 silly packumentCache full:https://registry.npmjs.org/@vue%2fcompiler-dom set size:undefined disposed:false
129 http fetch GET 200 https://registry.npmjs.org/@vue%2fshared 1287ms (cache miss)
130 silly packumentCache full:https://registry.npmjs.org/@vue%2fshared set size:undefined disposed:false
131 http fetch GET 200 https://registry.npmjs.org/@vue%2fserver-renderer 1487ms (cache miss)
132 silly packumentCache full:https://registry.npmjs.org/@vue%2fserver-renderer set size:undefined disposed:false
133 silly placeDep ROOT @rolldown/pluginutils@1.0.0-rc.13 OK for: @vitejs/plugin-vue@6.0.6 want: 1.0.0-rc.13
134 silly placeDep ROOT fsevents@2.3.3 OK for: vite@8.0.10 want: ~2.3.3
135 silly placeDep ROOT lightningcss@1.32.0 OK for: vite@8.0.10 want: ^1.32.0
136 silly placeDep ROOT picomatch@4.0.4 OK for: vite@8.0.10 want: ^4.0.4
137 silly placeDep ROOT postcss@8.5.13 OK for: vite@8.0.10 want: ^8.5.10
138 silly placeDep ROOT rolldown@1.0.0-rc.17 OK for: vite@8.0.10 want: 1.0.0-rc.17
139 silly placeDep ROOT tinyglobby@0.2.16 OK for: vite@8.0.10 want: ^0.2.16
140 silly fetch manifest detect-libc@^2.0.3
141 silly packumentCache full:https://registry.npmjs.org/detect-libc cache-miss
142 silly fetch manifest lightningcss-darwin-x64@1.32.0
143 silly packumentCache full:https://registry.npmjs.org/lightningcss-darwin-x64 cache-miss
144 silly fetch manifest lightningcss-linux-x64-gnu@1.32.0
145 silly packumentCache full:https://registry.npmjs.org/lightningcss-linux-x64-gnu cache-miss
146 silly fetch manifest lightningcss-win32-x64-msvc@1.32.0
147 silly packumentCache full:https://registry.npmjs.org/lightningcss-win32-x64-msvc cache-miss
148 silly fetch manifest lightningcss-win32-arm64-msvc@1.32.0
149 silly packumentCache full:https://registry.npmjs.org/lightningcss-win32-arm64-msvc cache-miss
150 silly fetch manifest lightningcss-darwin-arm64@1.32.0
151 silly packumentCache full:https://registry.npmjs.org/lightningcss-darwin-arm64 cache-miss
152 silly fetch manifest lightningcss-linux-arm64-gnu@1.32.0
153 silly packumentCache full:https://registry.npmjs.org/lightningcss-linux-arm64-gnu cache-miss
154 silly fetch manifest lightningcss-linux-arm-gnueabihf@1.32.0
155 silly packumentCache full:https://registry.npmjs.org/lightningcss-linux-arm-gnueabihf cache-miss
156 silly fetch manifest lightningcss-linux-arm64-musl@1.32.0
157 silly packumentCache full:https://registry.npmjs.org/lightningcss-linux-arm64-musl cache-miss
158 silly fetch manifest lightningcss-linux-x64-musl@1.32.0
159 silly packumentCache full:https://registry.npmjs.org/lightningcss-linux-x64-musl cache-miss
160 silly fetch manifest lightningcss-freebsd-x64@1.32.0
161 silly packumentCache full:https://registry.npmjs.org/lightningcss-freebsd-x64 cache-miss
162 silly fetch manifest lightningcss-android-arm64@1.32.0
163 silly packumentCache full:https://registry.npmjs.org/lightningcss-android-arm64 cache-miss
164 silly fetch manifest nanoid@^3.3.11
165 silly packumentCache full:https://registry.npmjs.org/nanoid cache-miss
166 silly fetch manifest picocolors@^1.1.1
167 silly packumentCache full:https://registry.npmjs.org/picocolors cache-miss
168 silly fetch manifest source-map-js@^1.2.1
169 silly packumentCache full:https://registry.npmjs.org/source-map-js cache-miss
170 http fetch GET 200 https://registry.npmjs.org/lightningcss-freebsd-x64 223ms (cache miss)
171 silly packumentCache full:https://registry.npmjs.org/lightningcss-freebsd-x64 set size:undefined disposed:false
172 silly fetch manifest @oxc-project/types@=0.127.0
173 silly packumentCache full:https://registry.npmjs.org/@oxc-project%2ftypes cache-miss
174 http fetch GET 200 https://registry.npmjs.org/lightningcss-win32-arm64-msvc 444ms (cache miss)
175 silly packumentCache full:https://registry.npmjs.org/lightningcss-win32-arm64-msvc set size:undefined disposed:false
176 silly fetch manifest @rolldown/pluginutils@1.0.0-rc.17
177 silly packumentCache full:https://registry.npmjs.org/@rolldown%2fpluginutils cache-miss
178 http fetch GET 200 https://registry.npmjs.org/lightningcss-linux-arm64-musl 446ms (cache miss)
179 silly packumentCache full:https://registry.npmjs.org/lightningcss-linux-arm64-musl set size:undefined disposed:false
180 silly fetch manifest @rolldown/binding-darwin-x64@1.0.0-rc.17
181 silly packumentCache full:https://registry.npmjs.org/@rolldown%2fbinding-darwin-x64 cache-miss
182 http fetch GET 200 https://registry.npmjs.org/lightningcss-darwin-x64 454ms (cache miss)
183 silly packumentCache full:https://registry.npmjs.org/lightningcss-darwin-x64 set size:undefined disposed:false
184 silly fetch manifest @rolldown/binding-freebsd-x64@1.0.0-rc.17
185 silly packumentCache full:https://registry.npmjs.org/@rolldown%2fbinding-freebsd-x64 cache-miss
186 http fetch GET 200 https://registry.npmjs.org/lightningcss-linux-arm-gnueabihf 457ms (cache miss)
187 silly packumentCache full:https://registry.npmjs.org/lightningcss-linux-arm-gnueabihf set size:undefined disposed:false
188 silly fetch manifest @rolldown/binding-wasm32-wasi@1.0.0-rc.17
189 silly packumentCache full:https://registry.npmjs.org/@rolldown%2fbinding-wasm32-wasi cache-miss
190 http fetch GET 200 https://registry.npmjs.org/lightningcss-linux-x64-gnu 461ms (cache miss)
191 silly packumentCache full:https://registry.npmjs.org/lightningcss-linux-x64-gnu set size:undefined disposed:false
192 silly fetch manifest @rolldown/binding-darwin-arm64@1.0.0-rc.17
193 silly packumentCache full:https://registry.npmjs.org/@rolldown%2fbinding-darwin-arm64 cache-miss
194 http fetch GET 200 https://registry.npmjs.org/lightningcss-linux-x64-musl 460ms (cache miss)
195 silly packumentCache full:https://registry.npmjs.org/lightningcss-linux-x64-musl set size:undefined disposed:false
196 silly fetch manifest @rolldown/binding-android-arm64@1.0.0-rc.17
197 silly packumentCache full:https://registry.npmjs.org/@rolldown%2fbinding-android-arm64 cache-miss
198 http fetch GET 200 https://registry.npmjs.org/detect-libc 467ms (cache miss)
199 silly packumentCache full:https://registry.npmjs.org/detect-libc set size:undefined disposed:false
200 silly fetch manifest @rolldown/binding-linux-x64-gnu@1.0.0-rc.17
201 silly packumentCache full:https://registry.npmjs.org/@rolldown%2fbinding-linux-x64-gnu cache-miss
202 http fetch GET 200 https://registry.npmjs.org/lightningcss-win32-x64-msvc 469ms (cache miss)
203 silly packumentCache full:https://registry.npmjs.org/lightningcss-win32-x64-msvc set size:undefined disposed:false
204 silly fetch manifest @rolldown/binding-linux-x64-musl@1.0.0-rc.17
205 silly packumentCache full:https://registry.npmjs.org/@rolldown%2fbinding-linux-x64-musl cache-miss
206 http fetch GET 200 https://registry.npmjs.org/lightningcss-linux-arm64-gnu 470ms (cache miss)
207 silly packumentCache full:https://registry.npmjs.org/lightningcss-linux-arm64-gnu set size:undefined disposed:false
208 silly fetch manifest @rolldown/binding-win32-x64-msvc@1.0.0-rc.17
209 silly packumentCache full:https://registry.npmjs.org/@rolldown%2fbinding-win32-x64-msvc cache-miss
210 http fetch GET 200 https://registry.npmjs.org/lightningcss-darwin-arm64 471ms (cache miss)
211 silly packumentCache full:https://registry.npmjs.org/lightningcss-darwin-arm64 set size:undefined disposed:false
212 silly fetch manifest @rolldown/binding-linux-arm64-gnu@1.0.0-rc.17
213 silly packumentCache full:https://registry.npmjs.org/@rolldown%2fbinding-linux-arm64-gnu cache-miss
214 http cache https://registry.npmjs.org/@rolldown%2fpluginutils 36ms (cache hit)
215 silly packumentCache full:https://registry.npmjs.org/@rolldown%2fpluginutils set size:291991 disposed:false
216 silly fetch manifest @rolldown/binding-linux-ppc64-gnu@1.0.0-rc.17
217 silly packumentCache full:https://registry.npmjs.org/@rolldown%2fbinding-linux-ppc64-gnu cache-miss
218 http fetch GET 200 https://registry.npmjs.org/picocolors 649ms (cache miss)
219 silly packumentCache full:https://registry.npmjs.org/picocolors set size:undefined disposed:false
220 silly fetch manifest @rolldown/binding-linux-s390x-gnu@1.0.0-rc.17
221 silly packumentCache full:https://registry.npmjs.org/@rolldown%2fbinding-linux-s390x-gnu cache-miss
222 http fetch GET 200 https://registry.npmjs.org/lightningcss-android-arm64 834ms (cache miss)
223 silly packumentCache full:https://registry.npmjs.org/lightningcss-android-arm64 set size:undefined disposed:false
224 silly fetch manifest @rolldown/binding-linux-arm64-musl@1.0.0-rc.17
225 silly packumentCache full:https://registry.npmjs.org/@rolldown%2fbinding-linux-arm64-musl cache-miss
226 http fetch GET 200 https://registry.npmjs.org/@oxc-project%2ftypes 612ms (cache miss)
227 silly packumentCache full:https://registry.npmjs.org/@oxc-project%2ftypes set size:undefined disposed:false
228 silly fetch manifest @rolldown/binding-win32-arm64-msvc@1.0.0-rc.17
229 silly packumentCache full:https://registry.npmjs.org/@rolldown%2fbinding-win32-arm64-msvc cache-miss
230 http fetch GET 200 https://registry.npmjs.org/@rolldown%2fbinding-linux-ppc64-gnu 404ms (cache miss)
231 silly packumentCache full:https://registry.npmjs.org/@rolldown%2fbinding-linux-ppc64-gnu set size:undefined disposed:false
232 silly fetch manifest @rolldown/binding-openharmony-arm64@1.0.0-rc.17
233 silly packumentCache full:https://registry.npmjs.org/@rolldown%2fbinding-openharmony-arm64 cache-miss
234 http fetch GET 200 https://registry.npmjs.org/@rolldown%2fbinding-linux-s390x-gnu 427ms (cache miss)
235 silly packumentCache full:https://registry.npmjs.org/@rolldown%2fbinding-linux-s390x-gnu set size:undefined disposed:false
236 silly fetch manifest @rolldown/binding-linux-arm-gnueabihf@1.0.0-rc.17
237 silly packumentCache full:https://registry.npmjs.org/@rolldown%2fbinding-linux-arm-gnueabihf cache-miss
238 http fetch GET 200 https://registry.npmjs.org/source-map-js 1211ms (cache miss)
239 silly packumentCache full:https://registry.npmjs.org/source-map-js set size:undefined disposed:false
240 silly fetch manifest fdir@^6.5.0
241 silly packumentCache full:https://registry.npmjs.org/fdir cache-miss
242 http fetch GET 200 https://registry.npmjs.org/@rolldown%2fbinding-android-arm64 961ms (cache miss)
243 silly packumentCache full:https://registry.npmjs.org/@rolldown%2fbinding-android-arm64 set size:undefined disposed:false
244 http fetch GET 200 https://registry.npmjs.org/@rolldown%2fbinding-openharmony-arm64 731ms (cache miss)
245 silly packumentCache full:https://registry.npmjs.org/@rolldown%2fbinding-openharmony-arm64 set size:undefined disposed:false
246 http fetch GET 200 https://registry.npmjs.org/fdir 609ms (cache miss)
247 silly packumentCache full:https://registry.npmjs.org/fdir set size:undefined disposed:false
248 http fetch GET 200 https://registry.npmjs.org/nanoid 1856ms (cache miss)
249 silly packumentCache full:https://registry.npmjs.org/nanoid set size:undefined disposed:false
250 http fetch GET 200 https://registry.npmjs.org/@rolldown%2fbinding-wasm32-wasi 1630ms (cache miss)
251 silly packumentCache full:https://registry.npmjs.org/@rolldown%2fbinding-wasm32-wasi set size:undefined disposed:false
252 http fetch GET 200 https://registry.npmjs.org/@rolldown%2fbinding-darwin-arm64 1646ms (cache miss)
253 silly packumentCache full:https://registry.npmjs.org/@rolldown%2fbinding-darwin-arm64 set size:undefined disposed:false
254 http fetch GET 200 https://registry.npmjs.org/@rolldown%2fbinding-darwin-x64 1671ms (cache miss)
255 silly packumentCache full:https://registry.npmjs.org/@rolldown%2fbinding-darwin-x64 set size:undefined disposed:false
256 http fetch GET 200 https://registry.npmjs.org/@rolldown%2fbinding-linux-x64-musl 1677ms (cache miss)
257 silly packumentCache full:https://registry.npmjs.org/@rolldown%2fbinding-linux-x64-musl set size:undefined disposed:false
258 http fetch GET 200 https://registry.npmjs.org/@rolldown%2fbinding-linux-x64-gnu 1720ms (cache miss)
259 silly packumentCache full:https://registry.npmjs.org/@rolldown%2fbinding-linux-x64-gnu set size:undefined disposed:false
260 http fetch GET 200 https://registry.npmjs.org/@rolldown%2fbinding-win32-x64-msvc 1826ms (cache miss)
261 silly packumentCache full:https://registry.npmjs.org/@rolldown%2fbinding-win32-x64-msvc set size:undefined disposed:false
262 http fetch GET 200 https://registry.npmjs.org/@rolldown%2fbinding-win32-arm64-msvc 1468ms (cache miss)
263 silly packumentCache full:https://registry.npmjs.org/@rolldown%2fbinding-win32-arm64-msvc set size:undefined disposed:false
264 http fetch GET 200 https://registry.npmjs.org/@rolldown%2fbinding-linux-arm64-gnu 1894ms (cache miss)
265 silly packumentCache full:https://registry.npmjs.org/@rolldown%2fbinding-linux-arm64-gnu set size:undefined disposed:false
266 http fetch GET 200 https://registry.npmjs.org/@rolldown%2fbinding-linux-arm-gnueabihf 1294ms (cache miss)
267 silly packumentCache full:https://registry.npmjs.org/@rolldown%2fbinding-linux-arm-gnueabihf set size:undefined disposed:false
268 http fetch GET 200 https://registry.npmjs.org/@rolldown%2fbinding-freebsd-x64 2004ms (cache miss)
269 silly packumentCache full:https://registry.npmjs.org/@rolldown%2fbinding-freebsd-x64 set size:undefined disposed:false
270 http fetch GET 200 https://registry.npmjs.org/@rolldown%2fbinding-linux-arm64-musl 1634ms (cache miss)
271 silly packumentCache full:https://registry.npmjs.org/@rolldown%2fbinding-linux-arm64-musl set size:undefined disposed:false
272 silly placeDep ROOT detect-libc@2.1.2 OK for: lightningcss@1.32.0 want: ^2.0.3
273 silly placeDep ROOT lightningcss-android-arm64@1.32.0 OK for: lightningcss@1.32.0 want: 1.32.0
274 silly placeDep ROOT lightningcss-darwin-arm64@1.32.0 OK for: lightningcss@1.32.0 want: 1.32.0
275 silly placeDep ROOT lightningcss-darwin-x64@1.32.0 OK for: lightningcss@1.32.0 want: 1.32.0
276 silly placeDep ROOT lightningcss-freebsd-x64@1.32.0 OK for: lightningcss@1.32.0 want: 1.32.0
277 silly placeDep ROOT lightningcss-linux-arm-gnueabihf@1.32.0 OK for: lightningcss@1.32.0 want: 1.32.0
278 silly placeDep ROOT lightningcss-linux-arm64-gnu@1.32.0 OK for: lightningcss@1.32.0 want: 1.32.0
279 silly placeDep ROOT lightningcss-linux-arm64-musl@1.32.0 OK for: lightningcss@1.32.0 want: 1.32.0
280 silly placeDep ROOT lightningcss-linux-x64-gnu@1.32.0 OK for: lightningcss@1.32.0 want: 1.32.0
281 silly placeDep ROOT lightningcss-linux-x64-musl@1.32.0 OK for: lightningcss@1.32.0 want: 1.32.0
282 silly placeDep ROOT lightningcss-win32-arm64-msvc@1.32.0 OK for: lightningcss@1.32.0 want: 1.32.0
283 silly placeDep ROOT lightningcss-win32-x64-msvc@1.32.0 OK for: lightningcss@1.32.0 want: 1.32.0
284 silly placeDep ROOT nanoid@3.3.12 OK for: postcss@8.5.13 want: ^3.3.11
285 silly placeDep ROOT picocolors@1.1.1 OK for: postcss@8.5.13 want: ^1.1.1
286 silly placeDep ROOT source-map-js@1.2.1 OK for: postcss@8.5.13 want: ^1.2.1
287 silly placeDep ROOT @oxc-project/types@0.127.0 OK for: rolldown@1.0.0-rc.17 want: =0.127.0
288 silly placeDep ROOT @rolldown/binding-android-arm64@1.0.0-rc.17 OK for: rolldown@1.0.0-rc.17 want: 1.0.0-rc.17
289 silly placeDep ROOT @rolldown/binding-darwin-arm64@1.0.0-rc.17 OK for: rolldown@1.0.0-rc.17 want: 1.0.0-rc.17
290 silly placeDep ROOT @rolldown/binding-darwin-x64@1.0.0-rc.17 OK for: rolldown@1.0.0-rc.17 want: 1.0.0-rc.17
291 silly placeDep ROOT @rolldown/binding-freebsd-x64@1.0.0-rc.17 OK for: rolldown@1.0.0-rc.17 want: 1.0.0-rc.17
292 silly placeDep ROOT @rolldown/binding-linux-arm-gnueabihf@1.0.0-rc.17 OK for: rolldown@1.0.0-rc.17 want: 1.0.0-rc.17
293 silly placeDep ROOT @rolldown/binding-linux-arm64-gnu@1.0.0-rc.17 OK for: rolldown@1.0.0-rc.17 want: 1.0.0-rc.17
294 silly placeDep ROOT @rolldown/binding-linux-arm64-musl@1.0.0-rc.17 OK for: rolldown@1.0.0-rc.17 want: 1.0.0-rc.17
295 silly placeDep ROOT @rolldown/binding-linux-ppc64-gnu@1.0.0-rc.17 OK for: rolldown@1.0.0-rc.17 want: 1.0.0-rc.17
296 silly placeDep ROOT @rolldown/binding-linux-s390x-gnu@1.0.0-rc.17 OK for: rolldown@1.0.0-rc.17 want: 1.0.0-rc.17
297 silly placeDep ROOT @rolldown/binding-linux-x64-gnu@1.0.0-rc.17 OK for: rolldown@1.0.0-rc.17 want: 1.0.0-rc.17
298 silly placeDep ROOT @rolldown/binding-linux-x64-musl@1.0.0-rc.17 OK for: rolldown@1.0.0-rc.17 want: 1.0.0-rc.17
299 silly placeDep ROOT @rolldown/binding-openharmony-arm64@1.0.0-rc.17 OK for: rolldown@1.0.0-rc.17 want: 1.0.0-rc.17
300 silly placeDep ROOT @rolldown/binding-wasm32-wasi@1.0.0-rc.17 OK for: rolldown@1.0.0-rc.17 want: 1.0.0-rc.17
301 silly placeDep ROOT @rolldown/binding-win32-arm64-msvc@1.0.0-rc.17 OK for: rolldown@1.0.0-rc.17 want: 1.0.0-rc.17
302 silly placeDep ROOT @rolldown/binding-win32-x64-msvc@1.0.0-rc.17 OK for: rolldown@1.0.0-rc.17 want: 1.0.0-rc.17
303 silly placeDep node_modules/rolldown @rolldown/pluginutils@1.0.0-rc.17 OK for: rolldown@1.0.0-rc.17 want: 1.0.0-rc.17
304 silly fetch manifest @emnapi/core@1.10.0
305 silly packumentCache full:https://registry.npmjs.org/@emnapi%2fcore cache-miss
306 silly fetch manifest @emnapi/runtime@1.10.0
307 silly packumentCache full:https://registry.npmjs.org/@emnapi%2fruntime cache-miss
308 silly fetch manifest @napi-rs/wasm-runtime@^1.1.4
309 silly packumentCache full:https://registry.npmjs.org/@napi-rs%2fwasm-runtime cache-miss
310 http fetch GET 200 https://registry.npmjs.org/@emnapi%2fcore 417ms (cache miss)
311 silly packumentCache full:https://registry.npmjs.org/@emnapi%2fcore set size:undefined disposed:false
312 http fetch GET 200 https://registry.npmjs.org/@napi-rs%2fwasm-runtime 419ms (cache miss)
313 silly packumentCache full:https://registry.npmjs.org/@napi-rs%2fwasm-runtime set size:undefined disposed:false
314 http fetch GET 200 https://registry.npmjs.org/@emnapi%2fruntime 661ms (cache miss)
315 silly packumentCache full:https://registry.npmjs.org/@emnapi%2fruntime set size:undefined disposed:false
316 silly placeDep ROOT @emnapi/core@1.10.0 OK for: @rolldown/binding-wasm32-wasi@1.0.0-rc.17 want: 1.10.0
317 silly placeDep ROOT @emnapi/runtime@1.10.0 OK for: @rolldown/binding-wasm32-wasi@1.0.0-rc.17 want: 1.10.0
318 silly placeDep ROOT @napi-rs/wasm-runtime@1.1.4 OK for: @rolldown/binding-wasm32-wasi@1.0.0-rc.17 want: ^1.1.4
319 silly fetch manifest @emnapi/wasi-threads@1.2.1
320 silly packumentCache full:https://registry.npmjs.org/@emnapi%2fwasi-threads cache-miss
321 silly fetch manifest tslib@^2.4.0
322 silly packumentCache full:https://registry.npmjs.org/tslib cache-miss
323 silly fetch manifest tslib@^2.4.0
324 silly packumentCache full:https://registry.npmjs.org/tslib cache-miss
325 silly fetch manifest @tybys/wasm-util@^0.10.1
326 silly packumentCache full:https://registry.npmjs.org/@tybys%2fwasm-util cache-miss
327 http fetch GET 200 https://registry.npmjs.org/@emnapi%2fwasi-threads 226ms (cache miss)
328 silly packumentCache full:https://registry.npmjs.org/@emnapi%2fwasi-threads set size:undefined disposed:false
329 http fetch GET 200 https://registry.npmjs.org/tslib 419ms (cache miss)
330 silly packumentCache full:https://registry.npmjs.org/tslib set size:undefined disposed:false
331 http fetch GET 200 https://registry.npmjs.org/tslib 422ms (cache miss)
332 silly packumentCache full:https://registry.npmjs.org/tslib set size:undefined disposed:false
333 http fetch GET 200 https://registry.npmjs.org/@tybys%2fwasm-util 449ms (cache miss)
334 silly packumentCache full:https://registry.npmjs.org/@tybys%2fwasm-util set size:undefined disposed:false
335 silly placeDep ROOT @emnapi/wasi-threads@1.2.1 OK for: @emnapi/core@1.10.0 want: 1.2.1
336 silly placeDep ROOT tslib@2.8.1 OK for: @emnapi/core@1.10.0 want: ^2.4.0
337 silly placeDep ROOT @tybys/wasm-util@0.10.2 OK for: @napi-rs/wasm-runtime@1.1.4 want: ^0.10.1
338 silly placeDep ROOT fdir@6.5.0 OK for: tinyglobby@0.2.16 want: ^6.5.0
339 silly fetch manifest vue@3.5.33
340 silly packumentCache full:https://registry.npmjs.org/vue cache-miss
341 http cache https://registry.npmjs.org/vue 21ms (cache hit)
342 silly packumentCache full:https://registry.npmjs.org/vue set size:2029368 disposed:false
343 silly placeDep ROOT @vue/compiler-dom@3.5.33 OK for: vue@3.5.33 want: 3.5.33
344 silly placeDep ROOT @vue/compiler-sfc@3.5.33 OK for: vue@3.5.33 want: 3.5.33
345 silly placeDep ROOT @vue/runtime-dom@3.5.33 OK for: vue@3.5.33 want: 3.5.33
346 silly placeDep ROOT @vue/server-renderer@3.5.33 OK for: vue@3.5.33 want: 3.5.33
347 silly placeDep ROOT @vue/shared@3.5.33 OK for: vue@3.5.33 want: 3.5.33
348 silly fetch manifest @vue/compiler-core@3.5.33
349 silly packumentCache full:https://registry.npmjs.org/@vue%2fcompiler-core cache-miss
350 silly fetch manifest @babel/parser@^7.29.2
351 silly packumentCache full:https://registry.npmjs.org/@babel%2fparser cache-miss
352 silly fetch manifest estree-walker@^2.0.2
353 silly packumentCache full:https://registry.npmjs.org/estree-walker cache-miss
354 silly fetch manifest magic-string@^0.30.21
355 silly packumentCache full:https://registry.npmjs.org/magic-string cache-miss
356 silly fetch manifest @vue/compiler-core@3.5.33
357 silly packumentCache full:https://registry.npmjs.org/@vue%2fcompiler-core cache-miss
358 silly fetch manifest @vue/compiler-ssr@3.5.33
359 silly packumentCache full:https://registry.npmjs.org/@vue%2fcompiler-ssr cache-miss
360 silly fetch manifest csstype@^3.2.3
361 silly packumentCache full:https://registry.npmjs.org/csstype cache-miss
362 silly fetch manifest @vue/runtime-core@3.5.33
363 silly packumentCache full:https://registry.npmjs.org/@vue%2fruntime-core cache-miss
364 silly fetch manifest @vue/reactivity@3.5.33
365 silly packumentCache full:https://registry.npmjs.org/@vue%2freactivity cache-miss
366 silly fetch manifest @vue/compiler-ssr@3.5.33
367 silly packumentCache full:https://registry.npmjs.org/@vue%2fcompiler-ssr cache-miss
368 http fetch GET 200 https://registry.npmjs.org/estree-walker 516ms (cache miss)
369 silly packumentCache full:https://registry.npmjs.org/estree-walker set size:undefined disposed:false
370 http fetch GET 200 https://registry.npmjs.org/magic-string 517ms (cache miss)
371 silly packumentCache full:https://registry.npmjs.org/magic-string set size:undefined disposed:false
372 http fetch GET 200 https://registry.npmjs.org/csstype 522ms (cache miss)
373 silly packumentCache full:https://registry.npmjs.org/csstype set size:undefined disposed:false
374 http fetch GET 200 https://registry.npmjs.org/@vue%2fcompiler-ssr 716ms (cache miss)
375 silly packumentCache full:https://registry.npmjs.org/@vue%2fcompiler-ssr set size:undefined disposed:false
376 http fetch GET 200 https://registry.npmjs.org/@vue%2fruntime-core 723ms (cache miss)
377 silly packumentCache full:https://registry.npmjs.org/@vue%2fruntime-core set size:undefined disposed:false
378 http fetch GET 200 https://registry.npmjs.org/@vue%2fcompiler-ssr 905ms (cache miss)
379 silly packumentCache full:https://registry.npmjs.org/@vue%2fcompiler-ssr set size:undefined disposed:false
380 http fetch GET 200 https://registry.npmjs.org/@babel%2fparser 912ms (cache miss)
381 silly packumentCache full:https://registry.npmjs.org/@babel%2fparser set size:undefined disposed:false
382 http fetch GET 200 https://registry.npmjs.org/@vue%2fcompiler-core 922ms (cache miss)
383 silly packumentCache full:https://registry.npmjs.org/@vue%2fcompiler-core set size:undefined disposed:false
384 http fetch GET 200 https://registry.npmjs.org/@vue%2fcompiler-core 923ms (cache miss)
385 silly packumentCache full:https://registry.npmjs.org/@vue%2fcompiler-core set size:undefined disposed:false
386 http fetch GET 200 https://registry.npmjs.org/@vue%2freactivity 958ms (cache miss)
387 silly packumentCache full:https://registry.npmjs.org/@vue%2freactivity set size:undefined disposed:false
388 silly placeDep ROOT @vue/compiler-core@3.5.33 OK for: @vue/compiler-dom@3.5.33 want: 3.5.33
389 silly fetch manifest entities@^7.0.1
390 silly packumentCache full:https://registry.npmjs.org/entities cache-miss
391 http fetch GET 200 https://registry.npmjs.org/entities 414ms (cache miss)
392 silly packumentCache full:https://registry.npmjs.org/entities set size:undefined disposed:false
393 silly placeDep ROOT @babel/parser@7.29.3 OK for: @vue/compiler-core@3.5.33 want: ^7.29.2
394 silly placeDep ROOT entities@7.0.1 OK for: @vue/compiler-core@3.5.33 want: ^7.0.1
395 silly placeDep ROOT estree-walker@2.0.2 OK for: @vue/compiler-core@3.5.33 want: ^2.0.2
396 silly fetch manifest @babel/types@^7.29.0
397 silly packumentCache full:https://registry.npmjs.org/@babel%2ftypes cache-miss
398 http fetch GET 200 https://registry.npmjs.org/@babel%2ftypes 814ms (cache miss)
399 silly packumentCache full:https://registry.npmjs.org/@babel%2ftypes set size:undefined disposed:false
400 silly placeDep ROOT @babel/types@7.29.0 OK for: @babel/parser@7.29.3 want: ^7.29.0
401 silly fetch manifest @babel/helper-string-parser@^7.27.1
402 silly packumentCache full:https://registry.npmjs.org/@babel%2fhelper-string-parser cache-miss
403 silly fetch manifest @babel/helper-validator-identifier@^7.28.5
404 silly packumentCache full:https://registry.npmjs.org/@babel%2fhelper-validator-identifier cache-miss
405 http fetch GET 200 https://registry.npmjs.org/@babel%2fhelper-string-parser 274ms (cache miss)
406 silly packumentCache full:https://registry.npmjs.org/@babel%2fhelper-string-parser set size:undefined disposed:false
407 http fetch GET 200 https://registry.npmjs.org/@babel%2fhelper-validator-identifier 475ms (cache miss)
408 silly packumentCache full:https://registry.npmjs.org/@babel%2fhelper-validator-identifier set size:undefined disposed:false
409 silly placeDep ROOT @babel/helper-string-parser@7.27.1 OK for: @babel/types@7.29.0 want: ^7.27.1
410 silly placeDep ROOT @babel/helper-validator-identifier@7.28.5 OK for: @babel/types@7.29.0 want: ^7.28.5
411 silly placeDep ROOT @vue/compiler-ssr@3.5.33 OK for: @vue/compiler-sfc@3.5.33 want: 3.5.33
412 silly placeDep ROOT magic-string@0.30.21 OK for: @vue/compiler-sfc@3.5.33 want: ^0.30.21
413 silly fetch manifest @jridgewell/sourcemap-codec@^1.5.5
414 silly packumentCache full:https://registry.npmjs.org/@jridgewell%2fsourcemap-codec cache-miss
415 http fetch GET 200 https://registry.npmjs.org/@jridgewell%2fsourcemap-codec 675ms (cache miss)
416 silly packumentCache full:https://registry.npmjs.org/@jridgewell%2fsourcemap-codec set size:undefined disposed:false
417 silly placeDep ROOT @vue/reactivity@3.5.33 OK for: @vue/runtime-dom@3.5.33 want: 3.5.33
418 silly placeDep ROOT @vue/runtime-core@3.5.33 OK for: @vue/runtime-dom@3.5.33 want: 3.5.33
419 silly placeDep ROOT csstype@3.2.3 OK for: @vue/runtime-dom@3.5.33 want: ^3.2.3
420 silly placeDep ROOT @jridgewell/sourcemap-codec@1.5.5 OK for: magic-string@0.30.21 want: ^1.5.5
421 silly reify moves {}
422 silly audit bulk request {
422 silly audit   '@vitejs/plugin-vue': [ '6.0.6' ],
422 silly audit   vite: [ '8.0.10' ],
422 silly audit   vue: [ '3.5.33' ],
422 silly audit   '@rolldown/pluginutils': [ '1.0.0-rc.13', '1.0.0-rc.17' ],
422 silly audit   fsevents: [ '2.3.3' ],
422 silly audit   lightningcss: [ '1.32.0' ],
422 silly audit   picomatch: [ '4.0.4' ],
422 silly audit   postcss: [ '8.5.13' ],
422 silly audit   rolldown: [ '1.0.0-rc.17' ],
422 silly audit   tinyglobby: [ '0.2.16' ],
422 silly audit   'detect-libc': [ '2.1.2' ],
422 silly audit   'lightningcss-android-arm64': [ '1.32.0' ],
422 silly audit   'lightningcss-darwin-arm64': [ '1.32.0' ],
422 silly audit   'lightningcss-darwin-x64': [ '1.32.0' ],
422 silly audit   'lightningcss-freebsd-x64': [ '1.32.0' ],
422 silly audit   'lightningcss-linux-arm-gnueabihf': [ '1.32.0' ],
422 silly audit   'lightningcss-linux-arm64-gnu': [ '1.32.0' ],
422 silly audit   'lightningcss-linux-arm64-musl': [ '1.32.0' ],
422 silly audit   'lightningcss-linux-x64-gnu': [ '1.32.0' ],
422 silly audit   'lightningcss-linux-x64-musl': [ '1.32.0' ],
422 silly audit   'lightningcss-win32-arm64-msvc': [ '1.32.0' ],
422 silly audit   'lightningcss-win32-x64-msvc': [ '1.32.0' ],
422 silly audit   nanoid: [ '3.3.12' ],
422 silly audit   picocolors: [ '1.1.1' ],
422 silly audit   'source-map-js': [ '1.2.1' ],
422 silly audit   '@oxc-project/types': [ '0.127.0' ],
422 silly audit   '@rolldown/binding-android-arm64': [ '1.0.0-rc.17' ],
422 silly audit   '@rolldown/binding-darwin-arm64': [ '1.0.0-rc.17' ],
422 silly audit   '@rolldown/binding-darwin-x64': [ '1.0.0-rc.17' ],
422 silly audit   '@rolldown/binding-freebsd-x64': [ '1.0.0-rc.17' ],
422 silly audit   '@rolldown/binding-linux-arm-gnueabihf': [ '1.0.0-rc.17' ],
422 silly audit   '@rolldown/binding-linux-arm64-gnu': [ '1.0.0-rc.17' ],
422 silly audit   '@rolldown/binding-linux-arm64-musl': [ '1.0.0-rc.17' ],
422 silly audit   '@rolldown/binding-linux-ppc64-gnu': [ '1.0.0-rc.17' ],
422 silly audit   '@rolldown/binding-linux-s390x-gnu': [ '1.0.0-rc.17' ],
422 silly audit   '@rolldown/binding-linux-x64-gnu': [ '1.0.0-rc.17' ],
422 silly audit   '@rolldown/binding-linux-x64-musl': [ '1.0.0-rc.17' ],
422 silly audit   '@rolldown/binding-openharmony-arm64': [ '1.0.0-rc.17' ],
422 silly audit   '@rolldown/binding-wasm32-wasi': [ '1.0.0-rc.17' ],
422 silly audit   '@rolldown/binding-win32-arm64-msvc': [ '1.0.0-rc.17' ],
422 silly audit   '@rolldown/binding-win32-x64-msvc': [ '1.0.0-rc.17' ],
422 silly audit   '@emnapi/core': [ '1.10.0' ],
422 silly audit   '@emnapi/runtime': [ '1.10.0' ],
422 silly audit   '@napi-rs/wasm-runtime': [ '1.1.4' ],
422 silly audit   '@emnapi/wasi-threads': [ '1.2.1' ],
422 silly audit   tslib: [ '2.8.1' ],
422 silly audit   '@tybys/wasm-util': [ '0.10.2' ],
422 silly audit   fdir: [ '6.5.0' ],
422 silly audit   '@vue/compiler-dom': [ '3.5.33' ],
422 silly audit   '@vue/compiler-sfc': [ '3.5.33' ],
422 silly audit   '@vue/runtime-dom': [ '3.5.33' ],
422 silly audit   '@vue/server-renderer': [ '3.5.33' ],
422 silly audit   '@vue/shared': [ '3.5.33' ],
422 silly audit   '@vue/compiler-core': [ '3.5.33' ],
422 silly audit   '@babel/parser': [ '7.29.3' ],
422 silly audit   entities: [ '7.0.1' ],
422 silly audit   'estree-walker': [ '2.0.2' ],
422 silly audit   '@babel/types': [ '7.29.0' ],
422 silly audit   '@babel/helper-string-parser': [ '7.27.1' ],
422 silly audit   '@babel/helper-validator-identifier': [ '7.28.5' ],
422 silly audit   '@vue/compiler-ssr': [ '3.5.33' ],
422 silly audit   'magic-string': [ '0.30.21' ],
422 silly audit   '@vue/reactivity': [ '3.5.33' ],
422 silly audit   '@vue/runtime-core': [ '3.5.33' ],
422 silly audit   csstype: [ '3.2.3' ],
422 silly audit   '@jridgewell/sourcemap-codec': [ '1.5.5' ]
422 silly audit }
423 http cache @jridgewell/sourcemap-codec@https://registry.npmjs.org/@jridgewell/sourcemap-codec/-/sourcemap-codec-1.5.5.tgz 1ms (cache hit)
424 http cache @vue/runtime-core@https://registry.npmjs.org/@vue/runtime-core/-/runtime-core-3.5.33.tgz 0ms (cache hit)
425 http cache @vue/reactivity@https://registry.npmjs.org/@vue/reactivity/-/reactivity-3.5.33.tgz 0ms (cache hit)
426 http cache @vue/compiler-ssr@https://registry.npmjs.org/@vue/compiler-ssr/-/compiler-ssr-3.5.33.tgz 0ms (cache hit)
427 http cache @babel/helper-string-parser@https://registry.npmjs.org/@babel/helper-string-parser/-/helper-string-parser-7.27.1.tgz 0ms (cache hit)
428 http cache magic-string@https://registry.npmjs.org/magic-string/-/magic-string-0.30.21.tgz 0ms (cache hit)
429 http cache @babel/helper-validator-identifier@https://registry.npmjs.org/@babel/helper-validator-identifier/-/helper-validator-identifier-7.28.5.tgz 0ms (cache hit)
430 http cache csstype@https://registry.npmjs.org/csstype/-/csstype-3.2.3.tgz 0ms (cache hit)
431 http cache entities@https://registry.npmjs.org/entities/-/entities-7.0.1.tgz 0ms (cache hit)
432 http cache @vue/compiler-core@https://registry.npmjs.org/@vue/compiler-core/-/compiler-core-3.5.33.tgz 0ms (cache hit)
433 http cache estree-walker@https://registry.npmjs.org/estree-walker/-/estree-walker-2.0.2.tgz 0ms (cache hit)
434 http cache @babel/types@https://registry.npmjs.org/@babel/types/-/types-7.29.0.tgz 0ms (cache hit)
435 http cache @vue/shared@https://registry.npmjs.org/@vue/shared/-/shared-3.5.33.tgz 0ms (cache hit)
436 http cache @babel/parser@https://registry.npmjs.org/@babel/parser/-/parser-7.29.3.tgz 0ms (cache hit)
437 http cache @vue/runtime-dom@https://registry.npmjs.org/@vue/runtime-dom/-/runtime-dom-3.5.33.tgz 0ms (cache hit)
438 http cache @rolldown/binding-win32-x64-msvc@https://registry.npmjs.org/@rolldown/binding-win32-x64-msvc/-/binding-win32-x64-msvc-1.0.0-rc.17.tgz 0ms (cache hit)
439 http cache @vue/compiler-sfc@https://registry.npmjs.org/@vue/compiler-sfc/-/compiler-sfc-3.5.33.tgz 0ms (cache hit)
440 http cache fdir@https://registry.npmjs.org/fdir/-/fdir-6.5.0.tgz 0ms (cache hit)
441 http cache @vue/compiler-dom@https://registry.npmjs.org/@vue/compiler-dom/-/compiler-dom-3.5.33.tgz 0ms (cache hit)
442 http cache picocolors@https://registry.npmjs.org/picocolors/-/picocolors-1.1.1.tgz 0ms (cache hit)
443 http cache @oxc-project/types@https://registry.npmjs.org/@oxc-project/types/-/types-0.127.0.tgz 0ms (cache hit)
444 http cache source-map-js@https://registry.npmjs.org/source-map-js/-/source-map-js-1.2.1.tgz 0ms (cache hit)
445 http cache nanoid@https://registry.npmjs.org/nanoid/-/nanoid-3.3.12.tgz 0ms (cache hit)
446 http cache detect-libc@https://registry.npmjs.org/detect-libc/-/detect-libc-2.1.2.tgz 0ms (cache hit)
447 http cache lightningcss-win32-x64-msvc@https://registry.npmjs.org/lightningcss-win32-x64-msvc/-/lightningcss-win32-x64-msvc-1.32.0.tgz 0ms (cache hit)
448 http cache tinyglobby@https://registry.npmjs.org/tinyglobby/-/tinyglobby-0.2.16.tgz 0ms (cache hit)
449 http cache rolldown@https://registry.npmjs.org/rolldown/-/rolldown-1.0.0-rc.17.tgz 0ms (cache hit)
450 http cache postcss@https://registry.npmjs.org/postcss/-/postcss-8.5.13.tgz 0ms (cache hit)
451 http cache @vitejs/plugin-vue@https://registry.npmjs.org/@vitejs/plugin-vue/-/plugin-vue-6.0.6.tgz 0ms (cache hit)
452 http cache lightningcss@https://registry.npmjs.org/lightningcss/-/lightningcss-1.32.0.tgz 0ms (cache hit)
453 http cache @rolldown/pluginutils@https://registry.npmjs.org/@rolldown/pluginutils/-/pluginutils-1.0.0-rc.13.tgz 0ms (cache hit)
454 http cache vue@https://registry.npmjs.org/vue/-/vue-3.5.33.tgz 0ms (cache hit)
455 http cache @rolldown/pluginutils@https://registry.npmjs.org/@rolldown/pluginutils/-/pluginutils-1.0.0-rc.17.tgz 0ms (cache hit)
456 http cache @vue/server-renderer@https://registry.npmjs.org/@vue/server-renderer/-/server-renderer-3.5.33.tgz 0ms (cache hit)
457 http cache vite@https://registry.npmjs.org/vite/-/vite-8.0.10.tgz 0ms (cache hit)
458 http cache picomatch@https://registry.npmjs.org/picomatch/-/picomatch-4.0.4.tgz 0ms (cache hit)
459 silly tarball no local data for @jridgewell/sourcemap-codec@https://registry.npmjs.org/@jridgewell/sourcemap-codec/-/sourcemap-codec-1.5.5.tgz. Extracting by manifest.
460 silly tarball no local data for @vue/runtime-core@https://registry.npmjs.org/@vue/runtime-core/-/runtime-core-3.5.33.tgz. Extracting by manifest.
461 silly tarball no local data for @vue/reactivity@https://registry.npmjs.org/@vue/reactivity/-/reactivity-3.5.33.tgz. Extracting by manifest.
462 silly tarball no local data for @vue/compiler-ssr@https://registry.npmjs.org/@vue/compiler-ssr/-/compiler-ssr-3.5.33.tgz. Extracting by manifest.
463 silly tarball no local data for @babel/helper-string-parser@https://registry.npmjs.org/@babel/helper-string-parser/-/helper-string-parser-7.27.1.tgz. Extracting by manifest.
464 silly tarball no local data for magic-string@https://registry.npmjs.org/magic-string/-/magic-string-0.30.21.tgz. Extracting by manifest.
465 silly tarball no local data for @babel/helper-validator-identifier@https://registry.npmjs.org/@babel/helper-validator-identifier/-/helper-validator-identifier-7.28.5.tgz. Extracting by manifest.
466 silly tarball no local data for csstype@https://registry.npmjs.org/csstype/-/csstype-3.2.3.tgz. Extracting by manifest.
467 silly tarball no local data for entities@https://registry.npmjs.org/entities/-/entities-7.0.1.tgz. Extracting by manifest.
468 silly tarball no local data for @vue/compiler-core@https://registry.npmjs.org/@vue/compiler-core/-/compiler-core-3.5.33.tgz. Extracting by manifest.
469 silly tarball no local data for estree-walker@https://registry.npmjs.org/estree-walker/-/estree-walker-2.0.2.tgz. Extracting by manifest.
470 silly tarball no local data for @babel/types@https://registry.npmjs.org/@babel/types/-/types-7.29.0.tgz. Extracting by manifest.
471 silly tarball no local data for @vue/shared@https://registry.npmjs.org/@vue/shared/-/shared-3.5.33.tgz. Extracting by manifest.
472 silly tarball no local data for @babel/parser@https://registry.npmjs.org/@babel/parser/-/parser-7.29.3.tgz. Extracting by manifest.
473 silly tarball no local data for @vue/runtime-dom@https://registry.npmjs.org/@vue/runtime-dom/-/runtime-dom-3.5.33.tgz. Extracting by manifest.
474 silly tarball no local data for @rolldown/binding-win32-x64-msvc@https://registry.npmjs.org/@rolldown/binding-win32-x64-msvc/-/binding-win32-x64-msvc-1.0.0-rc.17.tgz. Extracting by manifest.
475 silly tarball no local data for @vue/compiler-sfc@https://registry.npmjs.org/@vue/compiler-sfc/-/compiler-sfc-3.5.33.tgz. Extracting by manifest.
476 silly tarball no local data for fdir@https://registry.npmjs.org/fdir/-/fdir-6.5.0.tgz. Extracting by manifest.
477 silly tarball no local data for @vue/compiler-dom@https://registry.npmjs.org/@vue/compiler-dom/-/compiler-dom-3.5.33.tgz. Extracting by manifest.
478 silly tarball no local data for picocolors@https://registry.npmjs.org/picocolors/-/picocolors-1.1.1.tgz. Extracting by manifest.
479 silly tarball no local data for @oxc-project/types@https://registry.npmjs.org/@oxc-project/types/-/types-0.127.0.tgz. Extracting by manifest.
480 silly tarball no local data for source-map-js@https://registry.npmjs.org/source-map-js/-/source-map-js-1.2.1.tgz. Extracting by manifest.
481 silly tarball no local data for nanoid@https://registry.npmjs.org/nanoid/-/nanoid-3.3.12.tgz. Extracting by manifest.
482 silly tarball no local data for detect-libc@https://registry.npmjs.org/detect-libc/-/detect-libc-2.1.2.tgz. Extracting by manifest.
483 silly tarball no local data for lightningcss-win32-x64-msvc@https://registry.npmjs.org/lightningcss-win32-x64-msvc/-/lightningcss-win32-x64-msvc-1.32.0.tgz. Extracting by manifest.
484 silly tarball no local data for tinyglobby@https://registry.npmjs.org/tinyglobby/-/tinyglobby-0.2.16.tgz. Extracting by manifest.
485 silly tarball no local data for rolldown@https://registry.npmjs.org/rolldown/-/rolldown-1.0.0-rc.17.tgz. Extracting by manifest.
486 silly tarball no local data for postcss@https://registry.npmjs.org/postcss/-/postcss-8.5.13.tgz. Extracting by manifest.
487 silly tarball no local data for @vitejs/plugin-vue@https://registry.npmjs.org/@vitejs/plugin-vue/-/plugin-vue-6.0.6.tgz. Extracting by manifest.
488 silly tarball no local data for lightningcss@https://registry.npmjs.org/lightningcss/-/lightningcss-1.32.0.tgz. Extracting by manifest.
489 silly tarball no local data for @rolldown/pluginutils@https://registry.npmjs.org/@rolldown/pluginutils/-/pluginutils-1.0.0-rc.13.tgz. Extracting by manifest.
490 silly tarball no local data for vue@https://registry.npmjs.org/vue/-/vue-3.5.33.tgz. Extracting by manifest.
491 silly tarball no local data for @rolldown/pluginutils@https://registry.npmjs.org/@rolldown/pluginutils/-/pluginutils-1.0.0-rc.17.tgz. Extracting by manifest.
492 silly tarball no local data for @vue/server-renderer@https://registry.npmjs.org/@vue/server-renderer/-/server-renderer-3.5.33.tgz. Extracting by manifest.
493 silly tarball no local data for vite@https://registry.npmjs.org/vite/-/vite-8.0.10.tgz. Extracting by manifest.
494 silly tarball no local data for picomatch@https://registry.npmjs.org/picomatch/-/picomatch-4.0.4.tgz. Extracting by manifest.
495 http fetch POST 200 https://registry.npmjs.org/-/npm/v1/security/advisories/bulk 237ms
496 silly audit report {}
497 http fetch GET 200 https://registry.npmjs.org/@vue/compiler-ssr/-/compiler-ssr-3.5.33.tgz 259ms (cache miss)
498 http fetch GET 200 https://registry.npmjs.org/@vue/shared/-/shared-3.5.33.tgz 275ms (cache miss)
499 http fetch GET 200 https://registry.npmjs.org/@babel/helper-validator-identifier/-/helper-validator-identifier-7.28.5.tgz 282ms (cache miss)
500 http fetch GET 200 https://registry.npmjs.org/estree-walker/-/estree-walker-2.0.2.tgz 298ms (cache miss)
501 http fetch GET 200 https://registry.npmjs.org/@jridgewell/sourcemap-codec/-/sourcemap-codec-1.5.5.tgz 314ms (cache miss)
502 http fetch GET 200 https://registry.npmjs.org/@babel/helper-string-parser/-/helper-string-parser-7.27.1.tgz 436ms (cache miss)
503 http fetch GET 200 https://registry.npmjs.org/csstype/-/csstype-3.2.3.tgz 515ms (cache miss)
504 http fetch GET 200 https://registry.npmjs.org/@vue/reactivity/-/reactivity-3.5.33.tgz 523ms (cache miss)
505 http fetch GET 200 https://registry.npmjs.org/@vue/compiler-core/-/compiler-core-3.5.33.tgz 539ms (cache miss)
506 http fetch GET 200 https://registry.npmjs.org/magic-string/-/magic-string-0.30.21.tgz 667ms (cache miss)
507 http fetch GET 200 https://registry.npmjs.org/fdir/-/fdir-6.5.0.tgz 670ms (cache miss)
508 http fetch GET 200 https://registry.npmjs.org/picocolors/-/picocolors-1.1.1.tgz 691ms (cache miss)
509 http fetch GET 200 https://registry.npmjs.org/@vue/runtime-core/-/runtime-core-3.5.33.tgz 698ms (cache miss)
510 http fetch GET 200 https://registry.npmjs.org/entities/-/entities-7.0.1.tgz 710ms (cache miss)
511 http fetch GET 200 https://registry.npmjs.org/@babel/types/-/types-7.29.0.tgz 925ms (cache miss)
512 http fetch GET 200 https://registry.npmjs.org/tinyglobby/-/tinyglobby-0.2.16.tgz 929ms (cache miss)
513 http fetch GET 200 https://registry.npmjs.org/@oxc-project/types/-/types-0.127.0.tgz 986ms (cache miss)
514 http fetch GET 200 https://registry.npmjs.org/@vue/runtime-dom/-/runtime-dom-3.5.33.tgz 1002ms (cache miss)
515 http fetch GET 200 https://registry.npmjs.org/@vue/compiler-dom/-/compiler-dom-3.5.33.tgz 1103ms (cache miss)
516 http fetch GET 200 https://registry.npmjs.org/nanoid/-/nanoid-3.3.12.tgz 1153ms (cache miss)
517 http fetch GET 200 https://registry.npmjs.org/@vitejs/plugin-vue/-/plugin-vue-6.0.6.tgz 1420ms (cache miss)
518 http fetch GET 200 https://registry.npmjs.org/detect-libc/-/detect-libc-2.1.2.tgz 1473ms (cache miss)
519 http fetch GET 200 https://registry.npmjs.org/source-map-js/-/source-map-js-1.2.1.tgz 1490ms (cache miss)
520 http fetch GET 200 https://registry.npmjs.org/@vue/compiler-sfc/-/compiler-sfc-3.5.33.tgz 1550ms (cache miss)
521 http fetch GET 200 https://registry.npmjs.org/@babel/parser/-/parser-7.29.3.tgz 1577ms (cache miss)
522 http fetch GET 200 https://registry.npmjs.org/postcss/-/postcss-8.5.13.tgz 1786ms (cache miss)
523 http fetch GET 200 https://registry.npmjs.org/@rolldown/pluginutils/-/pluginutils-1.0.0-rc.13.tgz 2136ms (cache miss)
524 http fetch GET 200 https://registry.npmjs.org/rolldown/-/rolldown-1.0.0-rc.17.tgz 2221ms (cache miss)
525 http fetch GET 200 https://registry.npmjs.org/@rolldown/pluginutils/-/pluginutils-1.0.0-rc.17.tgz 2484ms (cache miss)
526 http fetch GET 200 https://registry.npmjs.org/@vue/server-renderer/-/server-renderer-3.5.33.tgz 2501ms (cache miss)
527 http fetch GET 200 https://registry.npmjs.org/lightningcss/-/lightningcss-1.32.0.tgz 2523ms (cache miss)
528 http fetch GET 200 https://registry.npmjs.org/picomatch/-/picomatch-4.0.4.tgz 2769ms (cache miss)
529 http fetch GET 200 https://registry.npmjs.org/vite/-/vite-8.0.10.tgz 2816ms (cache miss)
530 http fetch GET 200 https://registry.npmjs.org/vue/-/vue-3.5.33.tgz 2840ms (cache miss)
531 http fetch GET 200 https://registry.npmjs.org/lightningcss-win32-x64-msvc/-/lightningcss-win32-x64-msvc-1.32.0.tgz 2961ms (cache miss)
532 http fetch GET 200 https://registry.npmjs.org/@rolldown/binding-win32-x64-msvc/-/binding-win32-x64-msvc-1.0.0-rc.17.tgz 3242ms (cache miss)
533 silly ADD node_modules/@jridgewell/sourcemap-codec
534 silly ADD node_modules/csstype
535 silly ADD node_modules/@vue/runtime-core
536 silly ADD node_modules/@vue/reactivity
537 silly ADD node_modules/magic-string
538 silly ADD node_modules/@vue/compiler-ssr
539 silly ADD node_modules/@babel/helper-validator-identifier
540 silly ADD node_modules/@babel/helper-string-parser
541 silly ADD node_modules/@babel/types
542 silly ADD node_modules/estree-walker
543 silly ADD node_modules/entities
544 silly ADD node_modules/@babel/parser
545 silly ADD node_modules/@vue/compiler-core
546 silly ADD node_modules/@vue/shared
547 silly ADD node_modules/@vue/server-renderer
548 silly ADD node_modules/@vue/runtime-dom
549 silly ADD node_modules/@vue/compiler-sfc
550 silly ADD node_modules/@vue/compiler-dom
551 silly ADD node_modules/fdir
552 silly ADD node_modules/@rolldown/binding-win32-x64-msvc
553 silly ADD node_modules/@oxc-project/types
554 silly ADD node_modules/source-map-js
555 silly ADD node_modules/picocolors
556 silly ADD node_modules/nanoid
557 silly ADD node_modules/lightningcss-win32-x64-msvc
558 silly ADD node_modules/detect-libc
559 silly ADD node_modules/tinyglobby
560 silly ADD node_modules/rolldown
561 silly ADD node_modules/rolldown/node_modules/@rolldown/pluginutils
562 silly ADD node_modules/postcss
563 silly ADD node_modules/picomatch
564 silly ADD node_modules/lightningcss
565 silly ADD node_modules/@rolldown/pluginutils
566 silly ADD node_modules/vue
567 silly ADD node_modules/vite
568 silly ADD node_modules/@vitejs/plugin-vue
569 verbose cwd D:\project\do_problem_system\frontend
570 verbose os Windows_NT 10.0.26200
571 verbose node v24.12.0
572 verbose npm  v11.6.2
573 verbose exit 0
574 info ok
