0 verbose cli D:\nodejs\node.exe D:\nodejs\node_modules\npm\bin\npm-cli.js
1 info using npm@11.6.2
2 info using node@v24.12.0
3 silly config load:file:D:\nodejs\node_modules\npm\npmrc
4 silly config load:file:D:\project\do_problem_system\.npmrc
5 silly config load:file:C:\Users\DELL\.npmrc
6 silly config load:file:D:\nodejs\node_global\etc\npmrc
7 verbose title npm exec create-vite@latest --help
8 verbose argv "exec" "--cache" "d:\\project\\do_problem_system\\.npm-cache" "--yes" "--" "create-vite@latest" "--help"
9 verbose logfile logs-max:10 dir:d:\project\do_problem_system\.npm-cache\_logs\2026-05-04T07_08_44_801Z-
10 verbose logfile d:\project\do_problem_system\.npm-cache\_logs\2026-05-04T07_08_44_801Z-debug-0.log
11 silly logfile done cleaning log files
12 silly packumentCache heap:4496293888 maxSize:1124073472 maxEntrySize:562036736
13 http fetch GET 200 https://registry.npmjs.org/create-vite 1037ms (cache miss)
14 silly packumentCache heap:4496293888 maxSize:1124073472 maxEntrySize:562036736
15 silly packumentCache heap:4496293888 maxSize:1124073472 maxEntrySize:562036736
16 silly idealTree buildDeps
17 silly fetch manifest create-vite@9.0.6
18 silly packumentCache full:https://registry.npmjs.org/create-vite cache-miss
19 http fetch GET 200 https://registry.npmjs.org/npm 1309ms
20 http fetch GET 200 https://registry.npmjs.org/create-vite 441ms (cache miss)
21 silly packumentCache full:https://registry.npmjs.org/create-vite set size:undefined disposed:false
22 silly placeDep ROOT create-vite@9.0.6 OK for:  want: 9.0.6
23 silly reify moves {}
24 silly audit bulk request { 'create-vite': [ '9.0.6' ] }
25 http cache create-vite@https://registry.npmjs.org/create-vite/-/create-vite-9.0.6.tgz 0ms (cache hit)
26 silly tarball no local data for create-vite@https://registry.npmjs.org/create-vite/-/create-vite-9.0.6.tgz. Extracting by manifest.
27 http fetch POST 200 https://registry.npmjs.org/-/npm/v1/security/advisories/bulk 612ms
28 silly audit report {}
29 http fetch GET 200 https://registry.npmjs.org/create-vite/-/create-vite-9.0.6.tgz 1131ms (cache miss)
30 verbose cwd D:\project\do_problem_system
31 verbose os Windows_NT 10.0.26200
32 verbose node v24.12.0
33 verbose npm  v11.6.2
34 notice
34 notice New minor version of npm available! 11.6.2 -> 11.13.0
34 notice Changelog: https://github.com/npm/cli/releases/tag/v11.13.0
34 notice To update run: npm install -g npm@11.13.0
34 notice  { force: true, Symbol(proc-log.meta): true }
35 verbose exit 0
36 info ok
