0 verbose cli D:\nodejs\node.exe D:\nodejs\node_modules\npm\bin\npm-cli.js
1 info using npm@11.6.2
2 info using node@v24.12.0
3 silly config load:file:D:\nodejs\node_modules\npm\npmrc
4 silly config load:file:D:\project\do_problem_system\frontend\.npmrc
5 silly config load:file:C:\Users\DELL\.npmrc
6 silly config load:file:D:\nodejs\node_global\etc\npmrc
7 verbose title npm install element-plus @element-plus/icons-vue axios
8 verbose argv "--cache" "d:\\project\\do_problem_system\\.npm-cache" "install" "element-plus" "@element-plus/icons-vue" "axios"
9 verbose logfile logs-max:10 dir:d:\project\do_problem_system\.npm-cache\_logs\2026-05-04T07_10_41_428Z-
10 verbose logfile d:\project\do_problem_system\.npm-cache\_logs\2026-05-04T07_10_41_428Z-debug-0.log
11 silly logfile done cleaning log files
12 silly packumentCache heap:4496293888 maxSize:1124073472 maxEntrySize:562036736
13 silly idealTree buildDeps
14 silly fetch manifest element-plus@*
15 silly packumentCache full:https://registry.npmjs.org/element-plus cache-miss
16 http fetch GET 200 https://registry.npmjs.org/element-plus 1350ms (cache miss)
17 silly packumentCache full:https://registry.npmjs.org/element-plus set size:undefined disposed:false
18 silly fetch manifest vue@^3.5.32
19 silly packumentCache full:https://registry.npmjs.org/vue cache-miss
20 http cache https://registry.npmjs.org/vue 18ms (cache hit)
21 silly packumentCache full:https://registry.npmjs.org/vue set size:2029368 disposed:false
22 silly fetch manifest typescript@*
23 silly packumentCache full:https://registry.npmjs.org/typescript cache-miss
24 http cache https://registry.npmjs.org/typescript 33ms (cache hit)
25 silly packumentCache full:https://registry.npmjs.org/typescript set size:15409943 disposed:false
26 silly fetch manifest @element-plus/icons-vue@*
27 silly packumentCache full:https://registry.npmjs.org/@element-plus%2ficons-vue cache-miss
28 http fetch GET 200 https://registry.npmjs.org/@element-plus%2ficons-vue 523ms (cache miss)
29 silly packumentCache full:https://registry.npmjs.org/@element-plus%2ficons-vue set size:undefined disposed:false
30 silly fetch manifest axios@*
31 silly packumentCache full:https://registry.npmjs.org/axios cache-miss
32 http fetch GET 200 https://registry.npmjs.org/axios 611ms (cache miss)
33 silly packumentCache full:https://registry.npmjs.org/axios set size:undefined disposed:false
34 silly placeDep ROOT @element-plus/icons-vue@2.3.2 OK for: frontend@0.0.0 want: *
35 silly placeDep ROOT axios@1.16.0 OK for: frontend@0.0.0 want: *
36 silly placeDep ROOT element-plus@2.13.7 OK for: frontend@0.0.0 want: *
37 silly fetch manifest follow-redirects@^1.16.0
38 silly packumentCache full:https://registry.npmjs.org/follow-redirects cache-miss
39 silly fetch manifest form-data@^4.0.5
40 silly packumentCache full:https://registry.npmjs.org/form-data cache-miss
41 silly fetch manifest proxy-from-env@^2.1.0
42 silly packumentCache full:https://registry.npmjs.org/proxy-from-env cache-miss
43 silly fetch manifest @ctrl/tinycolor@^4.2.0
44 silly packumentCache full:https://registry.npmjs.org/@ctrl%2ftinycolor cache-miss
45 silly fetch manifest @floating-ui/dom@^1.0.1
46 silly packumentCache full:https://registry.npmjs.org/@floating-ui%2fdom cache-miss
47 silly fetch manifest @popperjs/core@npm:@sxzz/popperjs-es@^2.11.7
48 silly packumentCache full:https://registry.npmjs.org/@sxzz%2fpopperjs-es cache-miss
49 silly fetch manifest @types/lodash@^4.17.20
50 silly packumentCache full:https://registry.npmjs.org/@types%2flodash cache-miss
51 silly fetch manifest @types/lodash-es@^4.17.12
52 silly packumentCache full:https://registry.npmjs.org/@types%2flodash-es cache-miss
53 silly fetch manifest @vueuse/core@12.0.0
54 silly packumentCache full:https://registry.npmjs.org/@vueuse%2fcore cache-miss
55 silly fetch manifest async-validator@^4.2.5
56 silly packumentCache full:https://registry.npmjs.org/async-validator cache-miss
57 silly fetch manifest dayjs@^1.11.19
58 silly packumentCache full:https://registry.npmjs.org/dayjs cache-miss
59 silly fetch manifest lodash@^4.17.23
60 silly packumentCache full:https://registry.npmjs.org/lodash cache-miss
61 silly fetch manifest lodash-es@^4.17.23
62 silly packumentCache full:https://registry.npmjs.org/lodash-es cache-miss
63 silly fetch manifest lodash-unified@^1.0.3
64 silly packumentCache full:https://registry.npmjs.org/lodash-unified cache-miss
65 silly fetch manifest memoize-one@^6.0.0
66 silly packumentCache full:https://registry.npmjs.org/memoize-one cache-miss
67 http fetch GET 200 https://registry.npmjs.org/follow-redirects 434ms (cache miss)
68 silly packumentCache full:https://registry.npmjs.org/follow-redirects set size:undefined disposed:false
69 silly fetch manifest normalize-wheel-es@^1.2.0
70 silly packumentCache full:https://registry.npmjs.org/normalize-wheel-es cache-miss
71 http fetch GET 200 https://registry.npmjs.org/normalize-wheel-es 226ms (cache miss)
72 silly packumentCache full:https://registry.npmjs.org/normalize-wheel-es set size:undefined disposed:false
73 silly fetch manifest vue-component-type-helpers@^3.2.4
74 silly packumentCache full:https://registry.npmjs.org/vue-component-type-helpers cache-miss
75 http fetch GET 200 https://registry.npmjs.org/lodash-unified 857ms (cache miss)
76 silly packumentCache full:https://registry.npmjs.org/lodash-unified set size:undefined disposed:false
77 http fetch GET 200 https://registry.npmjs.org/@types%2flodash-es 861ms (cache miss)
78 silly packumentCache full:https://registry.npmjs.org/@types%2flodash-es set size:undefined disposed:false
79 http fetch GET 200 https://registry.npmjs.org/memoize-one 889ms (cache miss)
80 silly packumentCache full:https://registry.npmjs.org/memoize-one set size:undefined disposed:false
81 http fetch GET 200 https://registry.npmjs.org/@ctrl%2ftinycolor 1039ms (cache miss)
82 silly packumentCache full:https://registry.npmjs.org/@ctrl%2ftinycolor set size:undefined disposed:false
83 http fetch GET 200 https://registry.npmjs.org/lodash-es 1045ms (cache miss)
84 silly packumentCache full:https://registry.npmjs.org/lodash-es set size:undefined disposed:false
85 http fetch GET 200 https://registry.npmjs.org/lodash 1060ms (cache miss)
86 silly packumentCache full:https://registry.npmjs.org/lodash set size:undefined disposed:false
87 http fetch GET 200 https://registry.npmjs.org/async-validator 1073ms (cache miss)
88 silly packumentCache full:https://registry.npmjs.org/async-validator set size:undefined disposed:false
89 http fetch GET 200 https://registry.npmjs.org/form-data 1080ms (cache miss)
90 silly packumentCache full:https://registry.npmjs.org/form-data set size:undefined disposed:false
91 http fetch GET 200 https://registry.npmjs.org/@floating-ui%2fdom 1115ms (cache miss)
92 silly packumentCache full:https://registry.npmjs.org/@floating-ui%2fdom set size:undefined disposed:false
93 http fetch GET 200 https://registry.npmjs.org/@sxzz%2fpopperjs-es 1221ms (cache miss)
94 silly packumentCache full:https://registry.npmjs.org/@sxzz%2fpopperjs-es set size:undefined disposed:false
95 http fetch GET 200 https://registry.npmjs.org/@types%2flodash 1260ms (cache miss)
96 silly packumentCache full:https://registry.npmjs.org/@types%2flodash set size:undefined disposed:false
97 http fetch GET 200 https://registry.npmjs.org/dayjs 1268ms (cache miss)
98 silly packumentCache full:https://registry.npmjs.org/dayjs set size:undefined disposed:false
99 http fetch GET 200 https://registry.npmjs.org/proxy-from-env 1445ms (cache miss)
100 silly packumentCache full:https://registry.npmjs.org/proxy-from-env set size:undefined disposed:false
101 http fetch GET 200 https://registry.npmjs.org/vue-component-type-helpers 782ms (cache miss)
102 silly packumentCache full:https://registry.npmjs.org/vue-component-type-helpers set size:undefined disposed:false
103 http fetch GET 200 https://registry.npmjs.org/@vueuse%2fcore 1477ms (cache miss)
104 silly packumentCache full:https://registry.npmjs.org/@vueuse%2fcore set size:undefined disposed:false
105 silly placeDep ROOT follow-redirects@1.16.0 OK for: axios@1.16.0 want: ^1.16.0
106 silly placeDep ROOT form-data@4.0.5 OK for: axios@1.16.0 want: ^4.0.5
107 silly placeDep ROOT proxy-from-env@2.1.0 OK for: axios@1.16.0 want: ^2.1.0
108 silly fetch manifest asynckit@^0.4.0
109 silly packumentCache full:https://registry.npmjs.org/asynckit cache-miss
110 silly fetch manifest combined-stream@^1.0.8
111 silly packumentCache full:https://registry.npmjs.org/combined-stream cache-miss
112 silly fetch manifest es-set-tostringtag@^2.1.0
113 silly packumentCache full:https://registry.npmjs.org/es-set-tostringtag cache-miss
114 silly fetch manifest hasown@^2.0.2
115 silly packumentCache full:https://registry.npmjs.org/hasown cache-miss
116 silly fetch manifest mime-types@^2.1.12
117 silly packumentCache full:https://registry.npmjs.org/mime-types cache-miss
118 http fetch GET 200 https://registry.npmjs.org/asynckit 230ms (cache miss)
119 silly packumentCache full:https://registry.npmjs.org/asynckit set size:undefined disposed:false
120 http fetch GET 200 https://registry.npmjs.org/mime-types 234ms (cache miss)
121 silly packumentCache full:https://registry.npmjs.org/mime-types set size:undefined disposed:false
122 http fetch GET 200 https://registry.npmjs.org/hasown 412ms (cache miss)
123 silly packumentCache full:https://registry.npmjs.org/hasown set size:undefined disposed:false
124 http fetch GET 200 https://registry.npmjs.org/combined-stream 415ms (cache miss)
125 silly packumentCache full:https://registry.npmjs.org/combined-stream set size:undefined disposed:false
126 http fetch GET 200 https://registry.npmjs.org/es-set-tostringtag 416ms (cache miss)
127 silly packumentCache full:https://registry.npmjs.org/es-set-tostringtag set size:undefined disposed:false
128 silly placeDep ROOT @ctrl/tinycolor@4.2.0 OK for: element-plus@2.13.7 want: ^4.2.0
129 silly placeDep ROOT @floating-ui/dom@1.7.6 OK for: element-plus@2.13.7 want: ^1.0.1
130 silly placeDep ROOT @popperjs/core@2.11.8 OK for: element-plus@2.13.7 want: npm:@sxzz/popperjs-es@^2.11.7
131 silly placeDep ROOT @types/lodash@4.17.24 OK for: element-plus@2.13.7 want: ^4.17.20
132 silly placeDep ROOT @types/lodash-es@4.17.12 OK for: element-plus@2.13.7 want: ^4.17.12
133 silly placeDep ROOT @vueuse/core@12.0.0 OK for: element-plus@2.13.7 want: 12.0.0
134 silly placeDep ROOT async-validator@4.2.5 OK for: element-plus@2.13.7 want: ^4.2.5
135 silly placeDep ROOT dayjs@1.11.20 OK for: element-plus@2.13.7 want: ^1.11.19
136 silly placeDep ROOT lodash@4.18.1 OK for: element-plus@2.13.7 want: ^4.17.23
137 silly placeDep ROOT lodash-es@4.18.1 OK for: element-plus@2.13.7 want: ^4.17.23
138 silly placeDep ROOT lodash-unified@1.0.3 OK for: element-plus@2.13.7 want: ^1.0.3
139 silly placeDep ROOT memoize-one@6.0.0 OK for: element-plus@2.13.7 want: ^6.0.0
140 silly placeDep ROOT normalize-wheel-es@1.2.0 OK for: element-plus@2.13.7 want: ^1.2.0
141 silly placeDep ROOT vue-component-type-helpers@3.2.7 OK for: element-plus@2.13.7 want: ^3.2.4
142 silly fetch manifest @floating-ui/core@^1.7.5
143 silly packumentCache full:https://registry.npmjs.org/@floating-ui%2fcore cache-miss
144 silly fetch manifest @floating-ui/utils@^0.2.11
145 silly packumentCache full:https://registry.npmjs.org/@floating-ui%2futils cache-miss
146 silly fetch manifest @vueuse/shared@12.0.0
147 silly packumentCache full:https://registry.npmjs.org/@vueuse%2fshared cache-miss
148 silly fetch manifest @vueuse/metadata@12.0.0
149 silly packumentCache full:https://registry.npmjs.org/@vueuse%2fmetadata cache-miss
150 silly fetch manifest @types/web-bluetooth@^0.0.20
151 silly packumentCache full:https://registry.npmjs.org/@types%2fweb-bluetooth cache-miss
152 http fetch GET 200 https://registry.npmjs.org/@types%2fweb-bluetooth 260ms (cache miss)
153 silly packumentCache full:https://registry.npmjs.org/@types%2fweb-bluetooth set size:undefined disposed:false
154 http fetch GET 200 https://registry.npmjs.org/@floating-ui%2fcore 427ms (cache miss)
155 silly packumentCache full:https://registry.npmjs.org/@floating-ui%2fcore set size:undefined disposed:false
156 http fetch GET 200 https://registry.npmjs.org/@floating-ui%2futils 428ms (cache miss)
157 silly packumentCache full:https://registry.npmjs.org/@floating-ui%2futils set size:undefined disposed:false
158 http fetch GET 200 https://registry.npmjs.org/@vueuse%2fmetadata 501ms (cache miss)
159 silly packumentCache full:https://registry.npmjs.org/@vueuse%2fmetadata set size:undefined disposed:false
160 http fetch GET 200 https://registry.npmjs.org/@vueuse%2fshared 505ms (cache miss)
161 silly packumentCache full:https://registry.npmjs.org/@vueuse%2fshared set size:undefined disposed:false
162 silly placeDep ROOT @floating-ui/core@1.7.5 OK for: @floating-ui/dom@1.7.6 want: ^1.7.5
163 silly placeDep ROOT @floating-ui/utils@0.2.11 OK for: @floating-ui/dom@1.7.6 want: ^0.2.11
164 silly placeDep ROOT @types/web-bluetooth@0.0.20 OK for: @vueuse/core@12.0.0 want: ^0.0.20
165 silly placeDep ROOT @vueuse/metadata@12.0.0 OK for: @vueuse/core@12.0.0 want: 12.0.0
166 silly placeDep ROOT @vueuse/shared@12.0.0 OK for: @vueuse/core@12.0.0 want: 12.0.0
167 silly placeDep ROOT asynckit@0.4.0 OK for: form-data@4.0.5 want: ^0.4.0
168 silly placeDep ROOT combined-stream@1.0.8 OK for: form-data@4.0.5 want: ^1.0.8
169 silly placeDep ROOT es-set-tostringtag@2.1.0 OK for: form-data@4.0.5 want: ^2.1.0
170 silly placeDep ROOT hasown@2.0.3 OK for: form-data@4.0.5 want: ^2.0.2
171 silly placeDep ROOT mime-types@2.1.35 OK for: form-data@4.0.5 want: ^2.1.12
172 silly fetch manifest delayed-stream@~1.0.0
173 silly packumentCache full:https://registry.npmjs.org/delayed-stream cache-miss
174 silly fetch manifest es-errors@^1.3.0
175 silly packumentCache full:https://registry.npmjs.org/es-errors cache-miss
176 silly fetch manifest get-intrinsic@^1.2.6
177 silly packumentCache full:https://registry.npmjs.org/get-intrinsic cache-miss
178 silly fetch manifest has-tostringtag@^1.0.2
179 silly packumentCache full:https://registry.npmjs.org/has-tostringtag cache-miss
180 silly fetch manifest function-bind@^1.1.2
181 silly packumentCache full:https://registry.npmjs.org/function-bind cache-miss
182 silly fetch manifest mime-db@1.52.0
183 silly packumentCache full:https://registry.npmjs.org/mime-db cache-miss
184 http fetch GET 200 https://registry.npmjs.org/function-bind 255ms (cache miss)
185 silly packumentCache full:https://registry.npmjs.org/function-bind set size:undefined disposed:false
186 http fetch GET 200 https://registry.npmjs.org/es-errors 257ms (cache miss)
187 silly packumentCache full:https://registry.npmjs.org/es-errors set size:undefined disposed:false
188 http fetch GET 200 https://registry.npmjs.org/get-intrinsic 258ms (cache miss)
189 silly packumentCache full:https://registry.npmjs.org/get-intrinsic set size:undefined disposed:false
190 http fetch GET 200 https://registry.npmjs.org/delayed-stream 263ms (cache miss)
191 silly packumentCache full:https://registry.npmjs.org/delayed-stream set size:undefined disposed:false
192 http fetch GET 200 https://registry.npmjs.org/mime-db 438ms (cache miss)
193 silly packumentCache full:https://registry.npmjs.org/mime-db set size:undefined disposed:false
194 http fetch GET 200 https://registry.npmjs.org/has-tostringtag 442ms (cache miss)
195 silly packumentCache full:https://registry.npmjs.org/has-tostringtag set size:undefined disposed:false
196 silly placeDep ROOT delayed-stream@1.0.0 OK for: combined-stream@1.0.8 want: ~1.0.0
197 silly placeDep ROOT es-errors@1.3.0 OK for: es-set-tostringtag@2.1.0 want: ^1.3.0
198 silly placeDep ROOT get-intrinsic@1.3.0 OK for: es-set-tostringtag@2.1.0 want: ^1.2.6
199 silly placeDep ROOT has-tostringtag@1.0.2 OK for: es-set-tostringtag@2.1.0 want: ^1.0.2
200 silly fetch manifest gopd@^1.2.0
201 silly packumentCache full:https://registry.npmjs.org/gopd cache-miss
202 silly fetch manifest get-proto@^1.0.1
203 silly packumentCache full:https://registry.npmjs.org/get-proto cache-miss
204 silly fetch manifest has-symbols@^1.1.0
205 silly packumentCache full:https://registry.npmjs.org/has-symbols cache-miss
206 silly fetch manifest es-object-atoms@^1.1.1
207 silly packumentCache full:https://registry.npmjs.org/es-object-atoms cache-miss
208 silly fetch manifest math-intrinsics@^1.1.0
209 silly packumentCache full:https://registry.npmjs.org/math-intrinsics cache-miss
210 silly fetch manifest es-define-property@^1.0.1
211 silly packumentCache full:https://registry.npmjs.org/es-define-property cache-miss
212 silly fetch manifest call-bind-apply-helpers@^1.0.2
213 silly packumentCache full:https://registry.npmjs.org/call-bind-apply-helpers cache-miss
214 silly fetch manifest has-symbols@^1.0.3
215 silly packumentCache full:https://registry.npmjs.org/has-symbols cache-miss
216 http fetch GET 200 https://registry.npmjs.org/gopd 226ms (cache miss)
217 silly packumentCache full:https://registry.npmjs.org/gopd set size:undefined disposed:false
218 http fetch GET 200 https://registry.npmjs.org/get-proto 230ms (cache miss)
219 silly packumentCache full:https://registry.npmjs.org/get-proto set size:undefined disposed:false
220 http fetch GET 200 https://registry.npmjs.org/call-bind-apply-helpers 228ms (cache miss)
221 silly packumentCache full:https://registry.npmjs.org/call-bind-apply-helpers set size:undefined disposed:false
222 http fetch GET 200 https://registry.npmjs.org/es-object-atoms 232ms (cache miss)
223 silly packumentCache full:https://registry.npmjs.org/es-object-atoms set size:undefined disposed:false
224 http fetch GET 200 https://registry.npmjs.org/es-define-property 412ms (cache miss)
225 silly packumentCache full:https://registry.npmjs.org/es-define-property set size:undefined disposed:false
226 http fetch GET 200 https://registry.npmjs.org/has-symbols 417ms (cache miss)
227 silly packumentCache full:https://registry.npmjs.org/has-symbols set size:undefined disposed:false
228 http fetch GET 200 https://registry.npmjs.org/math-intrinsics 417ms (cache miss)
229 silly packumentCache full:https://registry.npmjs.org/math-intrinsics set size:undefined disposed:false
230 http fetch GET 200 https://registry.npmjs.org/has-symbols 630ms (cache miss)
231 silly packumentCache full:https://registry.npmjs.org/has-symbols set size:undefined disposed:false
232 silly placeDep ROOT call-bind-apply-helpers@1.0.2 OK for: get-intrinsic@1.3.0 want: ^1.0.2
233 silly placeDep ROOT es-define-property@1.0.1 OK for: get-intrinsic@1.3.0 want: ^1.0.1
234 silly placeDep ROOT es-object-atoms@1.1.1 OK for: get-intrinsic@1.3.0 want: ^1.1.1
235 silly placeDep ROOT function-bind@1.1.2 OK for: get-intrinsic@1.3.0 want: ^1.1.2
236 silly placeDep ROOT get-proto@1.0.1 OK for: get-intrinsic@1.3.0 want: ^1.0.1
237 silly placeDep ROOT gopd@1.2.0 OK for: get-intrinsic@1.3.0 want: ^1.2.0
238 silly placeDep ROOT has-symbols@1.1.0 OK for: get-intrinsic@1.3.0 want: ^1.1.0
239 silly placeDep ROOT math-intrinsics@1.1.0 OK for: get-intrinsic@1.3.0 want: ^1.1.0
240 silly fetch manifest dunder-proto@^1.0.1
241 silly packumentCache full:https://registry.npmjs.org/dunder-proto cache-miss
242 http fetch GET 200 https://registry.npmjs.org/dunder-proto 433ms (cache miss)
243 silly packumentCache full:https://registry.npmjs.org/dunder-proto set size:undefined disposed:false
244 silly placeDep ROOT dunder-proto@1.0.1 OK for: get-proto@1.0.1 want: ^1.0.1
245 silly placeDep ROOT mime-db@1.52.0 OK for: mime-types@2.1.35 want: 1.52.0
246 silly reify moves {}
247 silly audit bulk request {
247 silly audit   '@babel/helper-string-parser': [ '7.27.1' ],
247 silly audit   '@babel/helper-validator-identifier': [ '7.28.5' ],
247 silly audit   '@babel/parser': [ '7.29.3' ],
247 silly audit   '@babel/types': [ '7.29.0' ],
247 silly audit   '@emnapi/wasi-threads': [ '1.2.1' ],
247 silly audit   '@jridgewell/sourcemap-codec': [ '1.5.5' ],
247 silly audit   '@napi-rs/wasm-runtime': [ '1.1.4' ],
247 silly audit   '@oxc-project/types': [ '0.127.0' ],
247 silly audit   '@rolldown/binding-android-arm64': [ '1.0.0-rc.17' ],
247 silly audit   '@rolldown/binding-darwin-arm64': [ '1.0.0-rc.17' ],
247 silly audit   '@rolldown/binding-darwin-x64': [ '1.0.0-rc.17' ],
247 silly audit   '@rolldown/binding-freebsd-x64': [ '1.0.0-rc.17' ],
247 silly audit   '@rolldown/binding-linux-arm-gnueabihf': [ '1.0.0-rc.17' ],
247 silly audit   '@rolldown/binding-linux-arm64-gnu': [ '1.0.0-rc.17' ],
247 silly audit   '@rolldown/binding-linux-arm64-musl': [ '1.0.0-rc.17' ],
247 silly audit   '@rolldown/binding-linux-ppc64-gnu': [ '1.0.0-rc.17' ],
247 silly audit   '@rolldown/binding-linux-s390x-gnu': [ '1.0.0-rc.17' ],
247 silly audit   '@rolldown/binding-linux-x64-gnu': [ '1.0.0-rc.17' ],
247 silly audit   '@rolldown/binding-linux-x64-musl': [ '1.0.0-rc.17' ],
247 silly audit   '@rolldown/binding-openharmony-arm64': [ '1.0.0-rc.17' ],
247 silly audit   '@rolldown/binding-wasm32-wasi': [ '1.0.0-rc.17' ],
247 silly audit   '@rolldown/binding-win32-arm64-msvc': [ '1.0.0-rc.17' ],
247 silly audit   '@rolldown/binding-win32-x64-msvc': [ '1.0.0-rc.17' ],
247 silly audit   '@rolldown/pluginutils': [ '1.0.0-rc.13', '1.0.0-rc.17' ],
247 silly audit   '@tybys/wasm-util': [ '0.10.2' ],
247 silly audit   '@vitejs/plugin-vue': [ '6.0.6' ],
247 silly audit   '@vue/compiler-core': [ '3.5.33' ],
247 silly audit   '@vue/compiler-dom': [ '3.5.33' ],
247 silly audit   '@vue/compiler-sfc': [ '3.5.33' ],
247 silly audit   '@vue/compiler-ssr': [ '3.5.33' ],
247 silly audit   '@vue/reactivity': [ '3.5.33' ],
247 silly audit   '@vue/runtime-core': [ '3.5.33' ],
247 silly audit   '@vue/runtime-dom': [ '3.5.33' ],
247 silly audit   '@vue/server-renderer': [ '3.5.33' ],
247 silly audit   '@vue/shared': [ '3.5.33' ],
247 silly audit   csstype: [ '3.2.3' ],
247 silly audit   'detect-libc': [ '2.1.2' ],
247 silly audit   entities: [ '7.0.1' ],
247 silly audit   'estree-walker': [ '2.0.2' ],
247 silly audit   fdir: [ '6.5.0' ],
247 silly audit   fsevents: [ '2.3.3' ],
247 silly audit   lightningcss: [ '1.32.0' ],
247 silly audit   'lightningcss-android-arm64': [ '1.32.0' ],
247 silly audit   'lightningcss-darwin-arm64': [ '1.32.0' ],
247 silly audit   'lightningcss-darwin-x64': [ '1.32.0' ],
247 silly audit   'lightningcss-freebsd-x64': [ '1.32.0' ],
247 silly audit   'lightningcss-linux-arm-gnueabihf': [ '1.32.0' ],
247 silly audit   'lightningcss-linux-arm64-gnu': [ '1.32.0' ],
247 silly audit   'lightningcss-linux-arm64-musl': [ '1.32.0' ],
247 silly audit   'lightningcss-linux-x64-gnu': [ '1.32.0' ],
247 silly audit   'lightningcss-linux-x64-musl': [ '1.32.0' ],
247 silly audit   'lightningcss-win32-arm64-msvc': [ '1.32.0' ],
247 silly audit   'lightningcss-win32-x64-msvc': [ '1.32.0' ],
247 silly audit   'magic-string': [ '0.30.21' ],
247 silly audit   nanoid: [ '3.3.12' ],
247 silly audit   picocolors: [ '1.1.1' ],
247 silly audit   picomatch: [ '4.0.4' ],
247 silly audit   postcss: [ '8.5.13' ],
247 silly audit   rolldown: [ '1.0.0-rc.17' ],
247 silly audit   'source-map-js': [ '1.2.1' ],
247 silly audit   tinyglobby: [ '0.2.16' ],
247 silly audit   tslib: [ '2.8.1' ],
247 silly audit   vite: [ '8.0.10' ],
247 silly audit   vue: [ '3.5.33' ],
247 silly audit   '@element-plus/icons-vue': [ '2.3.2' ],
247 silly audit   axios: [ '1.16.0' ],
247 silly audit   'element-plus': [ '2.13.7' ],
247 silly audit   'follow-redirects': [ '1.16.0' ],
247 silly audit   'form-data': [ '4.0.5' ],
247 silly audit   'proxy-from-env': [ '2.1.0' ],
247 silly audit   '@ctrl/tinycolor': [ '4.2.0' ],
247 silly audit   '@floating-ui/dom': [ '1.7.6' ],
247 silly audit   '@sxzz/popperjs-es': [ '2.11.8' ],
247 silly audit   '@types/lodash': [ '4.17.24' ],
247 silly audit   '@types/lodash-es': [ '4.17.12' ],
247 silly audit   '@vueuse/core': [ '12.0.0' ],
247 silly audit   'async-validator': [ '4.2.5' ],
247 silly audit   dayjs: [ '1.11.20' ],
247 silly audit   lodash: [ '4.18.1' ],
247 silly audit   'lodash-es': [ '4.18.1' ],
247 silly audit   'lodash-unified': [ '1.0.3' ],
247 silly audit   'memoize-one': [ '6.0.0' ],
247 silly audit   'normalize-wheel-es': [ '1.2.0' ],
247 silly audit   'vue-component-type-helpers': [ '3.2.7' ],
247 silly audit   '@floating-ui/core': [ '1.7.5' ],
247 silly audit   '@floating-ui/utils': [ '0.2.11' ],
247 silly audit   '@types/web-bluetooth': [ '0.0.20' ],
247 silly audit   '@vueuse/metadata': [ '12.0.0' ],
247 silly audit   '@vueuse/shared': [ '12.0.0' ],
247 silly audit   asynckit: [ '0.4.0' ],
247 silly audit   'combined-stream': [ '1.0.8' ],
247 silly audit   'es-set-tostringtag': [ '2.1.0' ],
247 silly audit   hasown: [ '2.0.3' ],
247 silly audit   'mime-types': [ '2.1.35' ],
247 silly audit   'delayed-stream': [ '1.0.0' ],
247 silly audit   'es-errors': [ '1.3.0' ],
247 silly audit   'get-intrinsic': [ '1.3.0' ],
247 silly audit   'has-tostringtag': [ '1.0.2' ],
247 silly audit   'call-bind-apply-helpers': [ '1.0.2' ],
247 silly audit   'es-define-property': [ '1.0.1' ],
247 silly audit   'es-object-atoms': [ '1.1.1' ],
247 silly audit   'function-bind': [ '1.1.2' ],
247 silly audit   'get-proto': [ '1.0.1' ],
247 silly audit   gopd: [ '1.2.0' ],
247 silly audit   'has-symbols': [ '1.1.0' ],
247 silly audit   'math-intrinsics': [ '1.1.0' ],
247 silly audit   'dunder-proto': [ '1.0.1' ],
247 silly audit   'mime-db': [ '1.52.0' ]
247 silly audit }
248 http cache has-symbols@https://registry.npmjs.org/has-symbols/-/has-symbols-1.1.0.tgz 0ms (cache hit)
249 http cache dunder-proto@https://registry.npmjs.org/dunder-proto/-/dunder-proto-1.0.1.tgz 0ms (cache hit)
250 http cache mime-db@https://registry.npmjs.org/mime-db/-/mime-db-1.52.0.tgz 0ms (cache hit)
251 http cache math-intrinsics@https://registry.npmjs.org/math-intrinsics/-/math-intrinsics-1.1.0.tgz 0ms (cache hit)
252 http cache gopd@https://registry.npmjs.org/gopd/-/gopd-1.2.0.tgz 0ms (cache hit)
253 http cache es-define-property@https://registry.npmjs.org/es-define-property/-/es-define-property-1.0.1.tgz 0ms (cache hit)
254 http cache function-bind@https://registry.npmjs.org/function-bind/-/function-bind-1.1.2.tgz 0ms (cache hit)
255 http cache es-object-atoms@https://registry.npmjs.org/es-object-atoms/-/es-object-atoms-1.1.1.tgz 0ms (cache hit)
256 http cache call-bind-apply-helpers@https://registry.npmjs.org/call-bind-apply-helpers/-/call-bind-apply-helpers-1.0.2.tgz 0ms (cache hit)
257 http cache get-proto@https://registry.npmjs.org/get-proto/-/get-proto-1.0.1.tgz 0ms (cache hit)
258 http cache has-tostringtag@https://registry.npmjs.org/has-tostringtag/-/has-tostringtag-1.0.2.tgz 0ms (cache hit)
259 http cache get-intrinsic@https://registry.npmjs.org/get-intrinsic/-/get-intrinsic-1.3.0.tgz 0ms (cache hit)
260 http cache es-errors@https://registry.npmjs.org/es-errors/-/es-errors-1.3.0.tgz 0ms (cache hit)
261 http cache delayed-stream@https://registry.npmjs.org/delayed-stream/-/delayed-stream-1.0.0.tgz 0ms (cache hit)
262 http cache mime-types@https://registry.npmjs.org/mime-types/-/mime-types-2.1.35.tgz 0ms (cache hit)
263 http cache hasown@https://registry.npmjs.org/hasown/-/hasown-2.0.3.tgz 0ms (cache hit)
264 http cache @vueuse/metadata@https://registry.npmjs.org/@vueuse/metadata/-/metadata-12.0.0.tgz 0ms (cache hit)
265 http cache asynckit@https://registry.npmjs.org/asynckit/-/asynckit-0.4.0.tgz 0ms (cache hit)
266 http cache combined-stream@https://registry.npmjs.org/combined-stream/-/combined-stream-1.0.8.tgz 0ms (cache hit)
267 http cache es-set-tostringtag@https://registry.npmjs.org/es-set-tostringtag/-/es-set-tostringtag-2.1.0.tgz 0ms (cache hit)
268 http cache @vueuse/shared@https://registry.npmjs.org/@vueuse/shared/-/shared-12.0.0.tgz 0ms (cache hit)
269 http cache @floating-ui/utils@https://registry.npmjs.org/@floating-ui/utils/-/utils-0.2.11.tgz 0ms (cache hit)
270 http cache @types/web-bluetooth@https://registry.npmjs.org/@types/web-bluetooth/-/web-bluetooth-0.0.20.tgz 0ms (cache hit)
271 http cache @floating-ui/core@https://registry.npmjs.org/@floating-ui/core/-/core-1.7.5.tgz 0ms (cache hit)
272 http cache normalize-wheel-es@https://registry.npmjs.org/normalize-wheel-es/-/normalize-wheel-es-1.2.0.tgz 0ms (cache hit)
273 http cache lodash-unified@https://registry.npmjs.org/lodash-unified/-/lodash-unified-1.0.3.tgz 0ms (cache hit)
274 http cache vue-component-type-helpers@https://registry.npmjs.org/vue-component-type-helpers/-/vue-component-type-helpers-3.2.7.tgz 0ms (cache hit)
275 http cache dayjs@https://registry.npmjs.org/dayjs/-/dayjs-1.11.20.tgz 0ms (cache hit)
276 http cache memoize-one@https://registry.npmjs.org/memoize-one/-/memoize-one-6.0.0.tgz 0ms (cache hit)
277 http cache @vueuse/core@https://registry.npmjs.org/@vueuse/core/-/core-12.0.0.tgz 0ms (cache hit)
278 http cache lodash@https://registry.npmjs.org/lodash/-/lodash-4.18.1.tgz 0ms (cache hit)
279 http cache @types/lodash@https://registry.npmjs.org/@types/lodash/-/lodash-4.17.24.tgz 1ms (cache hit)
280 http cache lodash-es@https://registry.npmjs.org/lodash-es/-/lodash-es-4.18.1.tgz 0ms (cache hit)
281 http cache async-validator@https://registry.npmjs.org/async-validator/-/async-validator-4.2.5.tgz 0ms (cache hit)
282 http cache @types/lodash-es@https://registry.npmjs.org/@types/lodash-es/-/lodash-es-4.17.12.tgz 0ms (cache hit)
283 http cache @popperjs/core@https://registry.npmjs.org/@sxzz/popperjs-es/-/popperjs-es-2.11.8.tgz 0ms (cache hit)
284 http cache form-data@https://registry.npmjs.org/form-data/-/form-data-4.0.5.tgz 0ms (cache hit)
285 http cache @ctrl/tinycolor@https://registry.npmjs.org/@ctrl/tinycolor/-/tinycolor-4.2.0.tgz 0ms (cache hit)
286 http cache @floating-ui/dom@https://registry.npmjs.org/@floating-ui/dom/-/dom-1.7.6.tgz 0ms (cache hit)
287 http cache proxy-from-env@https://registry.npmjs.org/proxy-from-env/-/proxy-from-env-2.1.0.tgz 0ms (cache hit)
288 http cache @element-plus/icons-vue@https://registry.npmjs.org/@element-plus/icons-vue/-/icons-vue-2.3.2.tgz 0ms (cache hit)
289 http cache follow-redirects@https://registry.npmjs.org/follow-redirects/-/follow-redirects-1.16.0.tgz 0ms (cache hit)
290 http cache tslib@https://registry.npmjs.org/tslib/-/tslib-2.8.1.tgz 0ms (cache hit)
291 http cache axios@https://registry.npmjs.org/axios/-/axios-1.16.0.tgz 0ms (cache hit)
292 http cache @emnapi/wasi-threads@https://registry.npmjs.org/@emnapi/wasi-threads/-/wasi-threads-1.2.1.tgz 0ms (cache hit)
293 http cache element-plus@https://registry.npmjs.org/element-plus/-/element-plus-2.13.7.tgz 0ms (cache hit)
294 silly tarball no local data for has-symbols@https://registry.npmjs.org/has-symbols/-/has-symbols-1.1.0.tgz. Extracting by manifest.
295 silly tarball no local data for dunder-proto@https://registry.npmjs.org/dunder-proto/-/dunder-proto-1.0.1.tgz. Extracting by manifest.
296 silly tarball no local data for mime-db@https://registry.npmjs.org/mime-db/-/mime-db-1.52.0.tgz. Extracting by manifest.
297 silly tarball no local data for math-intrinsics@https://registry.npmjs.org/math-intrinsics/-/math-intrinsics-1.1.0.tgz. Extracting by manifest.
298 silly tarball no local data for gopd@https://registry.npmjs.org/gopd/-/gopd-1.2.0.tgz. Extracting by manifest.
299 silly tarball no local data for es-define-property@https://registry.npmjs.org/es-define-property/-/es-define-property-1.0.1.tgz. Extracting by manifest.
300 silly tarball no local data for function-bind@https://registry.npmjs.org/function-bind/-/function-bind-1.1.2.tgz. Extracting by manifest.
301 silly tarball no local data for es-object-atoms@https://registry.npmjs.org/es-object-atoms/-/es-object-atoms-1.1.1.tgz. Extracting by manifest.
302 silly tarball no local data for call-bind-apply-helpers@https://registry.npmjs.org/call-bind-apply-helpers/-/call-bind-apply-helpers-1.0.2.tgz. Extracting by manifest.
303 silly tarball no local data for get-proto@https://registry.npmjs.org/get-proto/-/get-proto-1.0.1.tgz. Extracting by manifest.
304 silly tarball no local data for has-tostringtag@https://registry.npmjs.org/has-tostringtag/-/has-tostringtag-1.0.2.tgz. Extracting by manifest.
305 silly tarball no local data for get-intrinsic@https://registry.npmjs.org/get-intrinsic/-/get-intrinsic-1.3.0.tgz. Extracting by manifest.
306 silly tarball no local data for es-errors@https://registry.npmjs.org/es-errors/-/es-errors-1.3.0.tgz. Extracting by manifest.
307 silly tarball no local data for delayed-stream@https://registry.npmjs.org/delayed-stream/-/delayed-stream-1.0.0.tgz. Extracting by manifest.
308 silly tarball no local data for mime-types@https://registry.npmjs.org/mime-types/-/mime-types-2.1.35.tgz. Extracting by manifest.
309 silly tarball no local data for hasown@https://registry.npmjs.org/hasown/-/hasown-2.0.3.tgz. Extracting by manifest.
310 silly tarball no local data for @vueuse/metadata@https://registry.npmjs.org/@vueuse/metadata/-/metadata-12.0.0.tgz. Extracting by manifest.
311 silly tarball no local data for asynckit@https://registry.npmjs.org/asynckit/-/asynckit-0.4.0.tgz. Extracting by manifest.
312 silly tarball no local data for combined-stream@https://registry.npmjs.org/combined-stream/-/combined-stream-1.0.8.tgz. Extracting by manifest.
313 silly tarball no local data for es-set-tostringtag@https://registry.npmjs.org/es-set-tostringtag/-/es-set-tostringtag-2.1.0.tgz. Extracting by manifest.
314 silly tarball no local data for @vueuse/shared@https://registry.npmjs.org/@vueuse/shared/-/shared-12.0.0.tgz. Extracting by manifest.
315 silly tarball no local data for @floating-ui/utils@https://registry.npmjs.org/@floating-ui/utils/-/utils-0.2.11.tgz. Extracting by manifest.
316 silly tarball no local data for @types/web-bluetooth@https://registry.npmjs.org/@types/web-bluetooth/-/web-bluetooth-0.0.20.tgz. Extracting by manifest.
317 silly tarball no local data for @floating-ui/core@https://registry.npmjs.org/@floating-ui/core/-/core-1.7.5.tgz. Extracting by manifest.
318 silly tarball no local data for normalize-wheel-es@https://registry.npmjs.org/normalize-wheel-es/-/normalize-wheel-es-1.2.0.tgz. Extracting by manifest.
319 silly tarball no local data for lodash-unified@https://registry.npmjs.org/lodash-unified/-/lodash-unified-1.0.3.tgz. Extracting by manifest.
320 silly tarball no local data for vue-component-type-helpers@https://registry.npmjs.org/vue-component-type-helpers/-/vue-component-type-helpers-3.2.7.tgz. Extracting by manifest.
321 silly tarball no local data for dayjs@https://registry.npmjs.org/dayjs/-/dayjs-1.11.20.tgz. Extracting by manifest.
322 silly tarball no local data for memoize-one@https://registry.npmjs.org/memoize-one/-/memoize-one-6.0.0.tgz. Extracting by manifest.
323 silly tarball no local data for @vueuse/core@https://registry.npmjs.org/@vueuse/core/-/core-12.0.0.tgz. Extracting by manifest.
324 silly tarball no local data for lodash@https://registry.npmjs.org/lodash/-/lodash-4.18.1.tgz. Extracting by manifest.
325 silly tarball no local data for @types/lodash@https://registry.npmjs.org/@types/lodash/-/lodash-4.17.24.tgz. Extracting by manifest.
326 silly tarball no local data for lodash-es@https://registry.npmjs.org/lodash-es/-/lodash-es-4.18.1.tgz. Extracting by manifest.
327 silly tarball no local data for async-validator@https://registry.npmjs.org/async-validator/-/async-validator-4.2.5.tgz. Extracting by manifest.
328 silly tarball no local data for @types/lodash-es@https://registry.npmjs.org/@types/lodash-es/-/lodash-es-4.17.12.tgz. Extracting by manifest.
329 silly tarball no local data for @popperjs/core@https://registry.npmjs.org/@sxzz/popperjs-es/-/popperjs-es-2.11.8.tgz. Extracting by manifest.
330 silly tarball no local data for form-data@https://registry.npmjs.org/form-data/-/form-data-4.0.5.tgz. Extracting by manifest.
331 silly tarball no local data for @ctrl/tinycolor@https://registry.npmjs.org/@ctrl/tinycolor/-/tinycolor-4.2.0.tgz. Extracting by manifest.
332 silly tarball no local data for @floating-ui/dom@https://registry.npmjs.org/@floating-ui/dom/-/dom-1.7.6.tgz. Extracting by manifest.
333 silly tarball no local data for proxy-from-env@https://registry.npmjs.org/proxy-from-env/-/proxy-from-env-2.1.0.tgz. Extracting by manifest.
334 silly tarball no local data for @element-plus/icons-vue@https://registry.npmjs.org/@element-plus/icons-vue/-/icons-vue-2.3.2.tgz. Extracting by manifest.
335 silly tarball no local data for follow-redirects@https://registry.npmjs.org/follow-redirects/-/follow-redirects-1.16.0.tgz. Extracting by manifest.
336 silly tarball no local data for tslib@https://registry.npmjs.org/tslib/-/tslib-2.8.1.tgz. Extracting by manifest.
337 silly tarball no local data for axios@https://registry.npmjs.org/axios/-/axios-1.16.0.tgz. Extracting by manifest.
338 silly tarball no local data for @emnapi/wasi-threads@https://registry.npmjs.org/@emnapi/wasi-threads/-/wasi-threads-1.2.1.tgz. Extracting by manifest.
339 silly tarball no local data for element-plus@https://registry.npmjs.org/element-plus/-/element-plus-2.13.7.tgz. Extracting by manifest.
340 http fetch POST 200 https://registry.npmjs.org/-/npm/v1/security/advisories/bulk 226ms
341 silly audit report {}
342 http fetch GET 200 https://registry.npmjs.org/dunder-proto/-/dunder-proto-1.0.1.tgz 282ms (cache miss)
343 http fetch GET 200 https://registry.npmjs.org/es-define-property/-/es-define-property-1.0.1.tgz 292ms (cache miss)
344 http fetch GET 200 https://registry.npmjs.org/function-bind/-/function-bind-1.1.2.tgz 293ms (cache miss)
345 http fetch GET 200 https://registry.npmjs.org/has-tostringtag/-/has-tostringtag-1.0.2.tgz 293ms (cache miss)
346 http fetch GET 200 https://registry.npmjs.org/es-errors/-/es-errors-1.3.0.tgz 295ms (cache miss)
347 http fetch GET 200 https://registry.npmjs.org/math-intrinsics/-/math-intrinsics-1.1.0.tgz 311ms (cache miss)
348 http fetch GET 200 https://registry.npmjs.org/delayed-stream/-/delayed-stream-1.0.0.tgz 435ms (cache miss)
349 http fetch GET 200 https://registry.npmjs.org/mime-db/-/mime-db-1.52.0.tgz 448ms (cache miss)
350 http fetch GET 200 https://registry.npmjs.org/es-object-atoms/-/es-object-atoms-1.1.1.tgz 444ms (cache miss)
351 http fetch GET 200 https://registry.npmjs.org/get-intrinsic/-/get-intrinsic-1.3.0.tgz 442ms (cache miss)
352 http fetch GET 200 https://registry.npmjs.org/gopd/-/gopd-1.2.0.tgz 450ms (cache miss)
353 http fetch GET 200 https://registry.npmjs.org/get-proto/-/get-proto-1.0.1.tgz 450ms (cache miss)
354 http fetch GET 200 https://registry.npmjs.org/call-bind-apply-helpers/-/call-bind-apply-helpers-1.0.2.tgz 453ms (cache miss)
355 http fetch GET 200 https://registry.npmjs.org/hasown/-/hasown-2.0.3.tgz 450ms (cache miss)
356 http fetch GET 200 https://registry.npmjs.org/combined-stream/-/combined-stream-1.0.8.tgz 458ms (cache miss)
357 http fetch GET 200 https://registry.npmjs.org/mime-types/-/mime-types-2.1.35.tgz 639ms (cache miss)
358 http fetch GET 200 https://registry.npmjs.org/has-symbols/-/has-symbols-1.1.0.tgz 664ms (cache miss)
359 http fetch GET 200 https://registry.npmjs.org/lodash-unified/-/lodash-unified-1.0.3.tgz 668ms (cache miss)
360 http fetch GET 200 https://registry.npmjs.org/@types/web-bluetooth/-/web-bluetooth-0.0.20.tgz 671ms (cache miss)
361 http fetch GET 200 https://registry.npmjs.org/es-set-tostringtag/-/es-set-tostringtag-2.1.0.tgz 684ms (cache miss)
362 http fetch GET 200 https://registry.npmjs.org/@vueuse/metadata/-/metadata-12.0.0.tgz 690ms (cache miss)
363 http fetch GET 200 https://registry.npmjs.org/memoize-one/-/memoize-one-6.0.0.tgz 689ms (cache miss)
364 http fetch GET 200 https://registry.npmjs.org/asynckit/-/asynckit-0.4.0.tgz 699ms (cache miss)
365 http fetch GET 200 https://registry.npmjs.org/@floating-ui/utils/-/utils-0.2.11.tgz 701ms (cache miss)
366 http fetch GET 200 https://registry.npmjs.org/vue-component-type-helpers/-/vue-component-type-helpers-3.2.7.tgz 835ms (cache miss)
367 http fetch GET 200 https://registry.npmjs.org/normalize-wheel-es/-/normalize-wheel-es-1.2.0.tgz 861ms (cache miss)
368 http fetch GET 200 https://registry.npmjs.org/@vueuse/shared/-/shared-12.0.0.tgz 921ms (cache miss)
369 http fetch GET 200 https://registry.npmjs.org/@floating-ui/core/-/core-1.7.5.tgz 1034ms (cache miss)
370 http fetch GET 200 https://registry.npmjs.org/proxy-from-env/-/proxy-from-env-2.1.0.tgz 1037ms (cache miss)
371 http fetch GET 200 https://registry.npmjs.org/@ctrl/tinycolor/-/tinycolor-4.2.0.tgz 1229ms (cache miss)
372 http fetch GET 200 https://registry.npmjs.org/tslib/-/tslib-2.8.1.tgz 1263ms (cache miss)
373 http fetch GET 200 https://registry.npmjs.org/async-validator/-/async-validator-4.2.5.tgz 1296ms (cache miss)
374 http fetch GET 200 https://registry.npmjs.org/dayjs/-/dayjs-1.11.20.tgz 1302ms (cache miss)
375 http fetch GET 200 https://registry.npmjs.org/follow-redirects/-/follow-redirects-1.16.0.tgz 1313ms (cache miss)
376 http fetch GET 200 https://registry.npmjs.org/form-data/-/form-data-4.0.5.tgz 1365ms (cache miss)
377 http fetch GET 200 https://registry.npmjs.org/@floating-ui/dom/-/dom-1.7.6.tgz 1373ms (cache miss)
378 http fetch GET 200 https://registry.npmjs.org/@types/lodash-es/-/lodash-es-4.17.12.tgz 1419ms (cache miss)
379 http fetch GET 200 https://registry.npmjs.org/@sxzz/popperjs-es/-/popperjs-es-2.11.8.tgz 1464ms (cache miss)
380 http fetch GET 200 https://registry.npmjs.org/lodash-es/-/lodash-es-4.18.1.tgz 1564ms (cache miss)
381 http fetch GET 200 https://registry.npmjs.org/@types/lodash/-/lodash-4.17.24.tgz 1568ms (cache miss)
382 http fetch GET 200 https://registry.npmjs.org/@emnapi/wasi-threads/-/wasi-threads-1.2.1.tgz 1657ms (cache miss)
383 http fetch GET 200 https://registry.npmjs.org/@vueuse/core/-/core-12.0.0.tgz 1935ms (cache miss)
384 http fetch GET 200 https://registry.npmjs.org/lodash/-/lodash-4.18.1.tgz 1940ms (cache miss)
385 http fetch GET 200 https://registry.npmjs.org/@element-plus/icons-vue/-/icons-vue-2.3.2.tgz 2066ms (cache miss)
386 http fetch GET 200 https://registry.npmjs.org/axios/-/axios-1.16.0.tgz 2309ms (cache miss)
387 http fetch GET 200 https://registry.npmjs.org/element-plus/-/element-plus-2.13.7.tgz 10741ms (cache miss)
388 silly ADD node_modules/mime-db
389 silly ADD node_modules/dunder-proto
390 silly ADD node_modules/math-intrinsics
391 silly ADD node_modules/has-symbols
392 silly ADD node_modules/gopd
393 silly ADD node_modules/get-proto
394 silly ADD node_modules/function-bind
395 silly ADD node_modules/es-object-atoms
396 silly ADD node_modules/es-define-property
397 silly ADD node_modules/call-bind-apply-helpers
398 silly ADD node_modules/has-tostringtag
399 silly ADD node_modules/get-intrinsic
400 silly ADD node_modules/es-errors
401 silly ADD node_modules/delayed-stream
402 silly ADD node_modules/mime-types
403 silly ADD node_modules/hasown
404 silly ADD node_modules/es-set-tostringtag
405 silly ADD node_modules/combined-stream
406 silly ADD node_modules/asynckit
407 silly ADD node_modules/@vueuse/shared
408 silly ADD node_modules/@vueuse/metadata
409 silly ADD node_modules/@types/web-bluetooth
410 silly ADD node_modules/@floating-ui/utils
411 silly ADD node_modules/@floating-ui/core
412 silly ADD node_modules/vue-component-type-helpers
413 silly ADD node_modules/normalize-wheel-es
414 silly ADD node_modules/memoize-one
415 silly ADD node_modules/lodash-unified
416 silly ADD node_modules/lodash-es
417 silly ADD node_modules/lodash
418 silly ADD node_modules/dayjs
419 silly ADD node_modules/async-validator
420 silly ADD node_modules/@vueuse/core
421 silly ADD node_modules/@types/lodash-es
422 silly ADD node_modules/@types/lodash
423 silly ADD node_modules/@popperjs/core
424 silly ADD node_modules/@floating-ui/dom
425 silly ADD node_modules/@ctrl/tinycolor
426 silly ADD node_modules/proxy-from-env
427 silly ADD node_modules/form-data
428 silly ADD node_modules/follow-redirects
429 silly ADD node_modules/element-plus
430 silly ADD node_modules/axios
431 silly ADD node_modules/@element-plus/icons-vue
432 silly ADD node_modules/tslib
433 silly ADD node_modules/@emnapi/wasi-threads
434 verbose cwd D:\project\do_problem_system\frontend
435 verbose os Windows_NT 10.0.26200
436 verbose node v24.12.0
437 verbose npm  v11.6.2
438 verbose exit 0
439 info ok
